
[1m[46m RUN [49m[22m [36mv4.0.17 [39m[90mD:/BE Project/Code/SinhgadConnectFrontend[39m

 [32mΓ£ô[39m src/components/chat/ChatWidget.test.jsx[2m > [22mChatWidget Component (AI Chat)[2m > [22mRendering[2m > [22mdisplays floating action button when closed[32m 116[2mms[22m[39m
 [31m├ù[39m src/components/chat/ChatWidget.test.jsx[2m > [22mChatWidget Component (AI Chat)[2m > [22mRendering[2m > [22mopens chat panel when FAB is clicked[33m 1032[2mms[22m[39m
[31m   ΓåÆ Unable to find an element with the text: /Hi! I'm your AI assistant/i. This could be because the text is broken up by multiple elements. In this case, you can provide a function for your text matcher to make your matcher more flexible.

Ignored nodes: comments, script, style
[36m<body>[31m
  [36m<div>[31m
    [36m<button[31m
      [33maria-label[31m=[32m"Open AI Assistant"[31m
      [33mclass[31m=[32m"fixed bottom-20 lg:bottom-6 right-4 lg:right-6 w-14 h-14 bg-gradient-to-br from-indigo-600 to-violet-600 text-white rounded-full shadow-lg shadow-indigo-500/30 hover:shadow-xl hover:scale-110 transition-all flex items-center justify-center z-40 group"[31m
    [36m>[31m
      [36m<svg[31m
        [33maria-hidden[31m=[32m"true"[31m
        [33mclass[31m=[32m"w-6 h-6 group-hover:animate-pulse"[31m
        [33mdata-slot[31m=[32m"icon"[31m
        [33mfill[31m=[32m"currentColor"[31m
        [33mviewBox[31m=[32m"0 0 24 24"[31m
        [33mxmlns[31m=[32m"http://www.w3.org/2000/svg"[31m
      [36m>[31m
        [36m<path[31m
          [33mclip-rule[31m=[32m"evenodd"[31m
          [33md[31m=[32m"M9 4.5a.75.75 0 0 1 .721.544l.813 2.846a3.75 3.75 0 0 0 2.576 2.576l2.846.813a.75.75 0 0 1 0 1.442l-2.846.813a3.75 3.75 0 0 0-2.576 2.576l-.813 2.846a.75.75 0 0 1-1.442 0l-.813-2.846a3.75 3.75 0 0 0-2.576-2.576l-2.846-.813a.75.75 0 0 1 0-1.442l2.846-.813A3.75 3.75 0 0 0 7.466 7.89l.813-2.846A.75.75 0 0 1 9 4.5ZM18 1.5a.75.75 0 0 1 .728.568l.258 1.036c.236.94.97 1.674 1.91 1.91l1.036.258a.75.75 0 0 1 0 1.456l-1.036.258c-.94.236-1.674.97-1.91 1.91l-.258 1.036a.75.75 0 0 1-1.456 0l-.258-1.036a2.625 2.625 0 0 0-1.91-1.91l-1.036-.258a.75.75 0 0 1 0-1.456l1.036-.258a2.625 2.625 0 0 0 1.91-1.91l.258-1.036A.75.75 0 0 1 18 1.5ZM16.5 15a.75.75 0 0 1 .712.513l.394 1.183c.15.447.5.799.948.948l1.183.395a.75.75 0 0 1 0 1.422l-1.183.395c-.447.15-.799.5-.948.948l-.395 1.183a.75.75 0 0 1-1.422 0l-.395-1.183a1.5 1.5 0 0 0-.948-.948l-1.183-.395a.75.75 0 0 1 0-1.422l1.183-.395c.447-.15.799-.5.948-.948l.395-1.183A.75.75 0 0 1 16.5 15Z"[31m
          [33mfill-rule[31m=[32m"evenodd"[31m
        [36m/>[31m
      [36m</svg>[31m
    [36m</button>[31m
    [36m<div[31m
      [33mclass[31m=[32m"fixed top-4 bottom-24 right-4 lg:right-6 z-50 flex items-end animate-slideUp"[31m
    [36m>[31m
      [36m<div[31m
        [33mclass[31m=[32m"w-[380px] max-h-full h-[480px] flex flex-col bg-white rounded-2xl shadow-2xl border border-gray-200 overflow-hidden"[31m
      [36m>[31m
        [36m<div[31m
          [33mclass[31m=[32m"px-4 py-3 flex items-center justify-between bg-gradient-to-r from-indigo-600 to-violet-600 text-white"[31m
        [36m>[31m
          [36m<div[31m
            [33mclass[31m=[32m"flex items-center gap-3"[31m
          [36m>[31m
            [36m<div[31m
              [33mclass[31m=[32m"w-9 h-9 rounded-xl bg-white/20 flex items-center justify-center"[31m
            [36m>[31m
              [36m<svg[31m
                [33maria-hidden[31m=[32m"true"[31m
                [33mclass[31m=[32m"w-5 h-5"[31m
                [33mdata-slot[31m=[32m"icon"[31m
                [33mfill[31m=[32m"currentColor"[31m
                [33mviewBox[31m=[32m"0 0 24 24"[31m
                [33mxmlns[31m=[32m"http://www.w3.org/2000/svg"[31m
              [36m>[31m
                [36m<path[31m
                  [33mclip-rule[31m=[32m"evenodd"[31m
                  [33md[31m=[32m"M9 4.5a.75.75 0 0 1 .721.544l.813 2.846a3.75 3.75 0 0 0 2.576 2.576l2.846.813a.75.75 0 0 1 0 1.442l-2.846.813a3.75 3.75 0 0 0-2.576 2.576l-.813 2.846a.75.75 0 0 1-1.442 0l-.813-2.846a3.75 3.75 0 0 0-2.576-2.576l-2.846-.813a.75.75 0 0 1 0-1.442l2.846-.813A3.75 3.75 0 0 0 7.466 7.89l.813-2.846A.75.75 0 0 1 9 4.5ZM18 1.5a.75.75 0 0 1 .728.568l.258 1.036c.236.94.97 1.674 1.91 1.91l1.036.258a.75.75 0 0 1 0 1.456l-1.036.258c-.94.236-1.674.97-1.91 1.91l-.258 1.036a.75.75 0 0 1-1.456 0l-.258-1.036a2.625 2.625 0 0 0-1.91-1.91l-1.036-.258a.75.75 0 0 1 0-1.456l1.036-.258a2.625 2.625 0 0 0 1.91-1.91l.258-1.036A.75.75 0 0 1 18 1.5ZM16.5 15a.75.75 0 0 1 .712.513l.394 1.183c.15.447.5.799.948.948l1.183.395a.75.75 0 0 1 0 1.422l-1.183.395c-.447.15-.799.5-.948.948l-.395 1.183a.75.75 0 0 1-1.422 0l-.395-1.183a1.5 1.5 0 0 0-.948-.948l-1.183-.395a.75.75 0 0 1 0-1.422l1.183-.395c.447-.15.799-.5.948-.948l.395-1.183A.75.75 0 0 1 16.5 15Z"[31m
                  [33mfill-rule[31m=[32m"evenodd"[31m
                [36m/>[31m
              [36m</svg>[31m
            [36m</div>[31m
            [36m<div>[31m
              [36m<h2[31m
                [33mclass[31m=[32m"font-semibold text-sm"[31m
              [36m>[31m
                [0mAI Assistant[0m
              [36m</h2>[31m
              [36m<p[31m
                [33mclass[31m=[32m"text-[10px] text-indigo-100 flex items-center gap-1"[31m
              [36m>[31m
                [36m<span[31m
                  [33mclass[31m=[32m"w-1.5 h-1.5 rounded-full bg-green-400 animate-pulse"[31m
                [36m/>[31m
                [0mOnline[0m
              [36m</p>[31m
            [36m</div>[31m
          [36m</div>[31m
          [36m<button[31m
            [33mclass[31m=[32m"w-8 h-8 rounded-full bg-white/10 hover:bg-white/20 flex items-center justify-center transition-colors"[31m
          [36m>[31m
            [36m<svg[31m
              [33maria-hidden[31m=[32m"true"[31m
              [33mclass[31m=[32m"w-5 h-5"[31m
              [33mdata-slot[31m=[32m"icon"[31m
              [33mfill[31m=[32m"currentColor"[31m
              [33mviewBox[31m=[32m"0 0 24 24"[31m
              [33mxmlns[31m=[32m"http://www.w3.org/2000/svg"[31m
            [36m>[31m
              [36m<path[31m
                [33mclip-rule[31m=[32m"evenodd"[31m
                [33md[31m=[32m"M5.47 5.47a.75.75 0 0 1 1.06 0L12 10.94l5.47-5.47a.75.75 0 1 1 1.06 1.06L13.06 12l5.47 5.47a.75.75 0 1 1-1.06 1.06L12 13.06l-5.47 5.47a.75.75 0 0 1-1.06-1.06L10.94 12 5.47 6.53a.75.75 0 0 1 0-1.06Z"[31m
                [33mfill-rule[31m=[32m"evenodd"[31m
              [36m/>[31m
            [36m</svg>[31m
          [36m</button>[31m
        [36m</div>[31m
        [36m<div[31m
          [33mclass[31m=[32m"flex-1 overflow-y-auto p-4 space-y-4 bg-gray-50"[31m
        [36m>[31m
          [36m<div[31m
            [33mclass[31m=[32m"flex justify-start"[31m
          [36m>[31m
            [36m<div[31m
              [33mclass[31m=[32m"max-w-[85%] px-4 py-2.5 text-sm leading-relaxed
                                        bg-white text-gray-800 rounded-2xl rounded-bl-sm shadow-sm border border-gray-100"[31m
            [36m>[31m
              [36m<div[31m
                [33mclass[31m=[32m"prose prose-sm max-w-none"[31m
              [36m>[31m
                [36m<div[31m
                  [33mclass[31m=[32m"space-y-3"[31m
                [36m>[31m
                  [36m<div[31m
                    [33mclass[31m=[32m"space-y-2 pl-1"[31m
                  [36m>[31m
                    [36m<p[31m
                      [33mclass[31m=[32m"text-gray-600 text-sm leading-relaxed py-0.5"[31m
                    [36m>[31m
                      [0mHi! I'm your SinhgadConnect AI. Ask me anything about campus, placements, or find relevant discussions![0m
                    [36m</p>[31m
                  [36m</div>[31m
                [36m</div>[31m
              [36m</div>[31m
            [36m</div>[31m
          [36m</div>[31m
          [36m<div />[31m
        [36m</div>[31m
        [36m<form[31m
          [33mclass[31m=[32m"p-3 bg-white border-t border-gray-100"[31m
        [36m>[31m
          [36m<div[31m
            [33mclass[31m=[32m"flex gap-2"[31m
          [36m>[31m
            [36m<input[31m
              [33mclass[31m=[32m"flex-1 px-4 py-2.5 bg-gray-100 rounded-xl text-sm text-gray-900 placeholder-gray-400 focus:outline-none focus:ring-2 focus:ring-indigo-500/30 focus:bg-white transition-all"[31m
              [33mplaceholder[31m=[32m"Ask me anything..."[31m
              [33mtype[31m=[32m"text"[31m
              [33mvalue[31m=[32m""[31m
            [36m/>[31m
            [36m<button[31m
              [33mclass[31m=[32m"w-10 h-10 bg-indigo-600 text-white rounded-xl hover:bg-indigo-700 disabled:opacity-50 flex items-center justify-center transition-colors"[31m
              [33mdisabled[31m=[32m""[31m
              [33mtype[31m=[32m"submit"[31m
            [36m>[31m
              [36m<svg[31m
                [33maria-hidden[31m=[32m"true"[31m
                [33mclass[31m=[32m"w-5 h-5"[31m
                [33mdata-slot[31m=[32m"icon"[31m
                [33mfill[31m=[32m"currentColor"[31m
                [33mviewBox[31m=[32m"0 0 24 24"[31m
                [33mxmlns[31m=[32m"http://www.w3.org/2000/svg"[31m
              [36m>[31m
                [36m<path[31m
                  [33md[31m=[32m"M3.478 2.404a.75.75 0 0 0-.926.941l2.432 7.905H13.5a.75.75 0 0 1 0 1.5H4.984l-2.432 7.905a.75.75 0 0 0 .926.94 60.519 60.519 0 0 0 18.445-8.986.75.75 0 0 0 0-1.218A60.517 60.517 0 0 0 3.478 2.404Z"[31m
                [36m/>[31m
              [36m</svg>[31m
            [36m</button>[31m
          [36m</div>[31m
        [36m</form>[31m
      [36m</div>[31m
    [36m</div>[31m
  [36m</div>[31m
[36m</body>[31m

Ignored nodes: comments, script, style
[36m<html>[31m
  [36m<head />[31m
  [36m<body>[31m
    [36m<div>[31m
      [36m<button[31m
        [33maria-label[31m=[32m"Open AI Assistant"[31m
        [33mclass[31m=[32m"fixed bottom-20 lg:bottom-6 right-4 lg:right-6 w-14 h-14 bg-gradient-to-br from-indigo-600 to-violet-600 text-white rounded-full shadow-lg shadow-indigo-500/30 hover:shadow-xl hover:scale-110 transition-all flex items-center justify-center z-40 group"[31m
      [36m>[31m
        [36m<svg[31m
          [33maria-hidden[31m=[32m"true"[31m
          [33mclass[31m=[32m"w-6 h-6 group-hover:animate-pulse"[31m
          [33mdata-slot[31m=[32m"icon"[31m
          [33mfill[31m=[32m"currentColor"[31m
          [33mviewBox[31m=[32m"0 0 24 24"[31m
          [33mxmlns[31m=[32m"http://www.w3.org/2000/svg"[31m
        [36m>[31m
          [36m<path[31m
            [33mclip-rule[31m=[32m"evenodd"[31m
            [33md[31m=[32m"M9 4.5a.75.75 0 0 1 .721.544l.813 2.846a3.75 3.75 0 0 0 2.576 2.576l2.846.813a.75.75 0 0 1 0 1.442l-2.846.813a3.75 3.75 0 0 0-2.576 2.576l-.813 2.846a.75.75 0 0 1-1.442 0l-.813-2.846a3.75 3.75 0 0 0-2.576-2.576l-2.846-.813a.75.75 0 0 1 0-1.442l2.846-.813A3.75 3.75 0 0 0 7.466 7.89l.813-2.846A.75.75 0 0 1 9 4.5ZM18 1.5a.75.75 0 0 1 .728.568l.258 1.036c.236.94.97 1.674 1.91 1.91l1.036.258a.75.75 0 0 1 0 1.456l-1.036.258c-.94.236-1.674.97-1.91 1.91l-.258 1.036a.75.75 0 0 1-1.456 0l-.258-1.036a2.625 2.625 0 0 0-1.91-1.91l-1.036-.258a.75.75 0 0 1 0-1.456l1.036-.258a2.625 2.625 0 0 0 1.91-1.91l.258-1.036A.75.75 0 0 1 18 1.5ZM16.5 15a.75.75 0 0 1 .712.513l.394 1.183c.15.447.5.799.948.948l1.183.395a.75.75 0 0 1 0 1.422l-1.183.395c-.447.15-.799.5-.948.948l-.395 1.183a.75.75 0 0 1-1.422 0l-.395-1.183a1.5 1.5 0 0 0-.948-.948l-1.183-.395a.75.75 0 0 1 0-1.422l1.183-.395c.447-.15.799-.5.948-.948l.395-1.183A.75.75 0 0 1 16.5 15Z"[31m
            [33mfill-rule[31m=[32m"evenodd"[31m
          [36m/>[31m
        [36m</svg>[31m
      [36m</button>[31m
      [36m<div[31m
        [33mclass[31m=[32m"fixed top-4 bottom-24 right-4 lg:right-6 z-50 flex items-end animate-slideUp"[31m
      [36m>[31m
        [36m<div[31m
          [33mclass[31m=[32m"w-[380px] max-h-full h-[480px] flex flex-col bg-white rounded-2xl shadow-2xl border border-gray-200 overflow-hidden"[31m
        [36m>[31m
          [36m<div[31m
            [33mclass[31m=[32m"px-4 py-3 flex items-center justify-between bg-gradient-to-r from-indigo-600 to-violet-600 text-white"[31m
          [36m>[31m
            [36m<div[31m
              [33mclass[31m=[32m"flex items-center gap-3"[31m
            [36m>[31m
              [36m<div[31m
                [33mclass[31m=[32m"w-9 h-9 rounded-xl bg-white/20 flex items-center justify-center"[31m
              [36m>[31m
                [36m<svg[31m
                  [33maria-hidden[31m=[32m"true"[31m
                  [33mclass[31m=[32m"w-5 h-5"[31m
                  [33mdata-slot[31m=[32m"icon"[31m
                  [33mfill[31m=[32m"currentColor"[31m
                  [33mviewBox[31m=[32m"0 0 24 24"[31m
                  [33mxmlns[31m=[32m"http://www.w3.org/2000/svg"[31m
                [36m>[31m
                  [36m<path[31m
                    [33mclip-rule[31m=[32m"evenodd"[31m
                    [33md[31m=[32m"M9 4.5a.75.75 0 0 1 .721.544l.813 2.846a3.75 3.75 0 0 0 2.576 2.576l2.846.813a.75.75 0 0 1 0 1.442l-2.846.813a3.75 3.75 0 0 0-2.576 2.576l-.813 2.846a.75.75 0 0 1-1.442 0l-.813-2.846a3.75 3.75 0 0 0-2.576-2.576l-2.846-.813a.75.75 0 0 1 0-1.442l2.846-.813A3.75 3.75 0 0 0 7.466 7.89l.813-2.846A.75.75 0 0 1 9 4.5ZM18 1.5a.75.75 0 0 1 .728.568l.258 1.036c.236.94.97 1.674 1.91 1.91l1.036.258a.75.75 0 0 1 0 1.456l-1.036.258c-.94.236-1.674.97-1.91 1.91l-.258 1.036a.75.75 0 0 1-1.456 0l-.258-1.036a2.625 2.625 0 0 0-1.91-1.91l-1.036-.258a.75.75 0 0 1 0-1.456l1.036-.258a2.625 2.625 0 0 0 1.91-1.91l.258-1.036A.75.75 0 0 1 18 1.5ZM16.5 15a.75.75 0 0 1 .712.513l.394 1.183c.15.447.5.799.948.948l1.183.395a.75.75 0 0 1 0 1.422l-1.183.395c-.447.15-.799.5-.948.948l-.395 1.183a.75.75 0 0 1-1.422 0l-.395-1.183a1.5 1.5 0 0 0-.948-.948l-1.183-.395a.75.75 0 0 1 0-1.422l1.183-.395c.447-.15.799-.5.948-.948l.395-1.183A.75.75 0 0 1 16.5 15Z"[31m
                    [33mfill-rule[31m=[32m"evenodd"[31m
                  [36m/>[31m
                [36m</svg>[31m
              [36m</div>[31m
              [36m<div>[31m
                [36m<h2[31m
                  [33mclass[31m=[32m"font-semibold text-sm"[31m
                [36m>[31m
                  [0mAI Assistant[0m
                [36m</h2>[31m
                [36m<p[31m
                  [33mclass[31m=[32m"text-[10px] text-indigo-100 flex items-center gap-1"[31m
                [36m>[31m
                  [36m<span[31m
                    [33mclass[31m=[32m"w-1.5 h-1.5 rounded-full bg-green-400 animate-pulse"[31m
                  [36m/>[31m
                  [0mOnline[0m
                [36m</p>[31m
              [36m</div>[31m
            [36m</div>[31m
            [36m<button[31m
              [33mclass[31m=[32m"w-8 h-8 rounded-full bg-white/10 hover:bg-white/20 flex items-center justify-center transition-colors"[31m
            [36m>[31m
              [36m<svg[31m
                [33maria-hidden[31m=[32m"true"[31m
                [33mclass[31m=[32m"w-5 h-5"[31m
                [33mdata-slot[31m=[32m"icon"[31m
                [33mfill[31m=[32m"currentColor"[31m
                [33mviewBox[31m=[32m"0 0 24 24"[31m
                [33mxmlns[31m=[32m"http://www.w3.org/2000/svg"[31m
              [36m>[31m
                [36m<path[31m
                  [33mclip-rule[31m=[32m"evenodd"[31m
                  [33md[31m=[32m"M5.47 5.47a.75.75 0 0 1 1.06 0L12 10.94l5.47-5.47a.75.75 0 1 1 1.06 1.06L13.06 12l5.47 5.47a.75.75 0 1 1-1.06 1.06L12 13.06l-5.47 5.47a.75.75 0 0 1-1.06-1.06L10.94 12 5.47 6.53a.75.75 0 0 1 0-1.06Z"[31m
                  [33mfill-rule[31m=[32m"evenodd"[31m
                [36m/>[31m
              [36m</svg>[31m
            [36m</button>[31m
          [36m</div>[31m
          [36m<div[31m
            [33mclass[31m=[32m"flex-1 overflow-y-auto p-4 space-y-4 bg-gray-50"[31m
          [36m>[31m
            [36m<div[31m
              [33mclass[31m=[32m"flex justify-start"[31m
            [36m>[31m
              [36m<div[31m
                [33mclass[31m=[32m"max-w-[85%] px-4 py-2.5 text-sm leading-relaxed
                                        bg-white text-gray-800 rounded-2xl rounded-bl-sm shadow-sm border border-gray-100"[31m
              [36m>[31m
                [36m<div[31m
                  [33mclass[31m=[32m"prose prose-sm max-w-none"[31m
                [36m>[31m
                  [36m<div[31m
                    [33mclass[31m=[32m"space-y-3"[31m
                  [36m>[31m
                    [36m<div[31m
                      [33mclass[31m=[32m"space-y-2 pl-1"[31m
                    [36m>[31m
                      [36m<p[31m
                        [33mclass[31m=[32m"text-gray-600 text-sm leading-relaxed py-0.5"[31m
                      [36m>[31m
                        [0mHi! I'm your SinhgadConnect AI. Ask me anything about campus, placements, or find relevant discussions![0m
                      [36m</p>[31m
                    [36m</div>[31m
                  [36m</div>[31m
                [36m</div>[31m
              [36m</div>[31m
            [36m</div>[31m
            [36m<div />[31m
          [36m</div>[31m
          [36m<form[31m
            [33mclass[31m=[32m"p-3 bg-white border-t border-gray-100"[31m
          [36m>[31m
            [36m<div[31m
              [33mclass[31m=[32m"flex gap-2"[31m
            [36m>[31m
              [36m<input[31m
                [33mclass[31m=[32m"flex-1 px-4 py-2.5 bg-gray-100 rounded-xl text-sm text-gray-900 placeholder-gray-400 focus:outline-none focus:ring-2 focus:ring-indigo-500/30 focus:bg-white transition-all"[31m
                [33mplaceholder[31m=[32m"Ask me anything..."[31m
                [33mtype[31m=[32m"text"[31m
                [33mvalue[31m=[32m""[31m
              [36m/>[31m
              [36m<button[31m
                [33mclass[31m=[32m"w-10 h-10 bg-indigo-600 text-white rounded-xl hover:bg-indigo-700 disabled:opacity-50 flex items-center justify-center transition-colors"[31m
                [33mdisabled[31m=[32m""[31m
                [33mtype[31m=[32m"submit"[31m
              [36m>[31m
                [36m<svg[31m
                  [33maria-hidden[31m=[32m"true"[31m
                  [33mclass[31m=[32m"w-5 h-5"[31m
                  [33mdata-slot[31m=[32m"icon"[31m
                  [33mfill[31m=[32m"currentColor"[31m
                  [33mviewBox[31m=[32m"0 0 24 24"[31m
                  [33mxmlns[31m=[32m"http://www.w3.org/2000/svg"[31m
                [36m>[31m
                  [36m<path[31m
                    [33md[31m=[32m"M3.478 2.404a.75.75 0 0 0-.926.941l2.432 7.905H13.5a.75.75 0 0 1 0 1.5H4.984l-2.432 7.905a.75.75 0 0 0 .926.94 60.519 60.519 0 0 0 18.445-8.986.75.75 0 0 0 0-1.218A60.517 60.517 0 0 0 3.478 2.404Z"[31m
                  [36m/>[31m
                [36m</svg>[31m
              [36m</button>[31m
            [36m</div>[31m
          [36m</form>[31m
        [36m</div>[31m
      [36m</div>[31m
    [36m</div>[31m
  [36m</body>[31m
[36m</html>[31m[39m
 [32mΓ£ô[39m src/components/chat/ChatWidget.test.jsx[2m > [22mChatWidget Component (AI Chat)[2m > [22mRendering[2m > [22mdisplays input field for typing messages[32m 26[2mms[22m[39m
 [31m├ù[39m src/components/chat/ChatWidget.test.jsx[2m > [22mChatWidget Component (AI Chat)[2m > [22mChat Interactions[2m > [22msends message when form is submitted[32m 25[2mms[22m[39m
[31m   ΓåÆ messagesEndRef.current?.scrollIntoView is not a function[39m
 [31m├ù[39m src/components/chat/ChatWidget.test.jsx[2m > [22mChatWidget Component (AI Chat)[2m > [22mChat Interactions[2m > [22mshows loading indicator while waiting for AI response[32m 13[2mms[22m[39m
[31m   ΓåÆ messagesEndRef.current?.scrollIntoView is not a function[39m
 [31m├ù[39m src/components/chat/ChatWidget.test.jsx[2m > [22mChatWidget Component (AI Chat)[2m > [22mChat Interactions[2m > [22mdisplays AI response after successful API call[32m 28[2mms[22m[39m
[31m   ΓåÆ messagesEndRef.current?.scrollIntoView is not a function[39m
 [31m├ù[39m src/components/chat/ChatWidget.test.jsx[2m > [22mChatWidget Component (AI Chat)[2m > [22mChat Interactions[2m > [22mshows source links in AI response[32m 15[2mms[22m[39m
[31m   ΓåÆ messagesEndRef.current?.scrollIntoView is not a function[39m
 [31m├ù[39m src/components/chat/ChatWidget.test.jsx[2m > [22mChatWidget Component (AI Chat)[2m > [22mOpen/Close Behavior[2m > [22mcloses chat when close button is clicked[33m 1017[2mms[22m[39m
[31m   ΓåÆ Unable to find an element with the text: /Hi! I'm your AI assistant/i. This could be because the text is broken up by multiple elements. In this case, you can provide a function for your text matcher to make your matcher more flexible.

Ignored nodes: comments, script, style
[36m<body>[31m
  [36m<div>[31m
    [36m<button[31m
      [33maria-label[31m=[32m"Open AI Assistant"[31m
      [33mclass[31m=[32m"fixed bottom-20 lg:bottom-6 right-4 lg:right-6 w-14 h-14 bg-gradient-to-br from-indigo-600 to-violet-600 text-white rounded-full shadow-lg shadow-indigo-500/30 hover:shadow-xl hover:scale-110 transition-all flex items-center justify-center z-40 group"[31m
    [36m>[31m
      [36m<svg[31m
        [33maria-hidden[31m=[32m"true"[31m
        [33mclass[31m=[32m"w-6 h-6 group-hover:animate-pulse"[31m
        [33mdata-slot[31m=[32m"icon"[31m
        [33mfill[31m=[32m"currentColor"[31m
        [33mviewBox[31m=[32m"0 0 24 24"[31m
        [33mxmlns[31m=[32m"http://www.w3.org/2000/svg"[31m
      [36m>[31m
        [36m<path[31m
          [33mclip-rule[31m=[32m"evenodd"[31m
          [33md[31m=[32m"M9 4.5a.75.75 0 0 1 .721.544l.813 2.846a3.75 3.75 0 0 0 2.576 2.576l2.846.813a.75.75 0 0 1 0 1.442l-2.846.813a3.75 3.75 0 0 0-2.576 2.576l-.813 2.846a.75.75 0 0 1-1.442 0l-.813-2.846a3.75 3.75 0 0 0-2.576-2.576l-2.846-.813a.75.75 0 0 1 0-1.442l2.846-.813A3.75 3.75 0 0 0 7.466 7.89l.813-2.846A.75.75 0 0 1 9 4.5ZM18 1.5a.75.75 0 0 1 .728.568l.258 1.036c.236.94.97 1.674 1.91 1.91l1.036.258a.75.75 0 0 1 0 1.456l-1.036.258c-.94.236-1.674.97-1.91 1.91l-.258 1.036a.75.75 0 0 1-1.456 0l-.258-1.036a2.625 2.625 0 0 0-1.91-1.91l-1.036-.258a.75.75 0 0 1 0-1.456l1.036-.258a2.625 2.625 0 0 0 1.91-1.91l.258-1.036A.75.75 0 0 1 18 1.5ZM16.5 15a.75.75 0 0 1 .712.513l.394 1.183c.15.447.5.799.948.948l1.183.395a.75.75 0 0 1 0 1.422l-1.183.395c-.447.15-.799.5-.948.948l-.395 1.183a.75.75 0 0 1-1.422 0l-.395-1.183a1.5 1.5 0 0 0-.948-.948l-1.183-.395a.75.75 0 0 1 0-1.422l1.183-.395c.447-.15.799-.5.948-.948l.395-1.183A.75.75 0 0 1 16.5 15Z"[31m
          [33mfill-rule[31m=[32m"evenodd"[31m
        [36m/>[31m
      [36m</svg>[31m
    [36m</button>[31m
    [36m<div[31m
      [33mclass[31m=[32m"fixed top-4 bottom-24 right-4 lg:right-6 z-50 flex items-end animate-slideUp"[31m
    [36m>[31m
      [36m<div[31m
        [33mclass[31m=[32m"w-[380px] max-h-full h-[480px] flex flex-col bg-white rounded-2xl shadow-2xl border border-gray-200 overflow-hidden"[31m
      [36m>[31m
        [36m<div[31m
          [33mclass[31m=[32m"px-4 py-3 flex items-center justify-between bg-gradient-to-r from-indigo-600 to-violet-600 text-white"[31m
        [36m>[31m
          [36m<div[31m
            [33mclass[31m=[32m"flex items-center gap-3"[31m
          [36m>[31m
            [36m<div[31m
              [33mclass[31m=[32m"w-9 h-9 rounded-xl bg-white/20 flex items-center justify-center"[31m
            [36m>[31m
              [36m<svg[31m
                [33maria-hidden[31m=[32m"true"[31m
                [33mclass[31m=[32m"w-5 h-5"[31m
                [33mdata-slot[31m=[32m"icon"[31m
                [33mfill[31m=[32m"currentColor"[31m
                [33mviewBox[31m=[32m"0 0 24 24"[31m
                [33mxmlns[31m=[32m"http://www.w3.org/2000/svg"[31m
              [36m>[31m
                [36m<path[31m
                  [33mclip-rule[31m=[32m"evenodd"[31m
                  [33md[31m=[32m"M9 4.5a.75.75 0 0 1 .721.544l.813 2.846a3.75 3.75 0 0 0 2.576 2.576l2.846.813a.75.75 0 0 1 0 1.442l-2.846.813a3.75 3.75 0 0 0-2.576 2.576l-.813 2.846a.75.75 0 0 1-1.442 0l-.813-2.846a3.75 3.75 0 0 0-2.576-2.576l-2.846-.813a.75.75 0 0 1 0-1.442l2.846-.813A3.75 3.75 0 0 0 7.466 7.89l.813-2.846A.75.75 0 0 1 9 4.5ZM18 1.5a.75.75 0 0 1 .728.568l.258 1.036c.236.94.97 1.674 1.91 1.91l1.036.258a.75.75 0 0 1 0 1.456l-1.036.258c-.94.236-1.674.97-1.91 1.91l-.258 1.036a.75.75 0 0 1-1.456 0l-.258-1.036a2.625 2.625 0 0 0-1.91-1.91l-1.036-.258a.75.75 0 0 1 0-1.456l1.036-.258a2.625 2.625 0 0 0 1.91-1.91l.258-1.036A.75.75 0 0 1 18 1.5ZM16.5 15a.75.75 0 0 1 .712.513l.394 1.183c.15.447.5.799.948.948l1.183.395a.75.75 0 0 1 0 1.422l-1.183.395c-.447.15-.799.5-.948.948l-.395 1.183a.75.75 0 0 1-1.422 0l-.395-1.183a1.5 1.5 0 0 0-.948-.948l-1.183-.395a.75.75 0 0 1 0-1.422l1.183-.395c.447-.15.799-.5.948-.948l.395-1.183A.75.75 0 0 1 16.5 15Z"[31m
                  [33mfill-rule[31m=[32m"evenodd"[31m
                [36m/>[31m
              [36m</svg>[31m
            [36m</div>[31m
            [36m<div>[31m
              [36m<h2[31m
                [33mclass[31m=[32m"font-semibold text-sm"[31m
              [36m>[31m
                [0mAI Assistant[0m
              [36m</h2>[31m
              [36m<p[31m
                [33mclass[31m=[32m"text-[10px] text-indigo-100 flex items-center gap-1"[31m
              [36m>[31m
                [36m<span[31m
                  [33mclass[31m=[32m"w-1.5 h-1.5 rounded-full bg-green-400 animate-pulse"[31m
                [36m/>[31m
                [0mOnline[0m
              [36m</p>[31m
            [36m</div>[31m
          [36m</div>[31m
          [36m<button[31m
            [33mclass[31m=[32m"w-8 h-8 rounded-full bg-white/10 hover:bg-white/20 flex items-center justify-center transition-colors"[31m
          [36m>[31m
            [36m<svg[31m
              [33maria-hidden[31m=[32m"true"[31m
              [33mclass[31m=[32m"w-5 h-5"[31m
              [33mdata-slot[31m=[32m"icon"[31m
              [33mfill[31m=[32m"currentColor"[31m
              [33mviewBox[31m=[32m"0 0 24 24"[31m
              [33mxmlns[31m=[32m"http://www.w3.org/2000/svg"[31m
            [36m>[31m
              [36m<path[31m
                [33mclip-rule[31m=[32m"evenodd"[31m
                [33md[31m=[32m"M5.47 5.47a.75.75 0 0 1 1.06 0L12 10.94l5.47-5.47a.75.75 0 1 1 1.06 1.06L13.06 12l5.47 5.47a.75.75 0 1 1-1.06 1.06L12 13.06l-5.47 5.47a.75.75 0 0 1-1.06-1.06L10.94 12 5.47 6.53a.75.75 0 0 1 0-1.06Z"[31m
                [33mfill-rule[31m=[32m"evenodd"[31m
              [36m/>[31m
            [36m</svg>[31m
          [36m</button>[31m
        [36m</div>[31m
        [36m<div[31m
          [33mclass[31m=[32m"flex-1 overflow-y-auto p-4 space-y-4 bg-gray-50"[31m
        [36m>[31m
          [36m<div[31m
            [33mclass[31m=[32m"flex justify-start"[31m
          [36m>[31m
            [36m<div[31m
              [33mclass[31m=[32m"max-w-[85%] px-4 py-2.5 text-sm leading-relaxed
                                        bg-white text-gray-800 rounded-2xl rounded-bl-sm shadow-sm border border-gray-100"[31m
            [36m>[31m
              [36m<div[31m
                [33mclass[31m=[32m"prose prose-sm max-w-none"[31m
              [36m>[31m
                [36m<div[31m
                  [33mclass[31m=[32m"space-y-3"[31m
                [36m>[31m
                  [36m<div[31m
                    [33mclass[31m=[32m"space-y-2 pl-1"[31m
                  [36m>[31m
                    [36m<p[31m
                      [33mclass[31m=[32m"text-gray-600 text-sm leading-relaxed py-0.5"[31m
                    [36m>[31m
                      [0mHi! I'm your SinhgadConnect AI. Ask me anything about campus, placements, or find relevant discussions![0m
                    [36m</p>[31m
                  [36m</div>[31m
                [36m</div>[31m
              [36m</div>[31m
            [36m</div>[31m
          [36m</div>[31m
          [36m<div />[31m
        [36m</div>[31m
        [36m<form[31m
          [33mclass[31m=[32m"p-3 bg-white border-t border-gray-100"[31m
        [36m>[31m
          [36m<div[31m
            [33mclass[31m=[32m"flex gap-2"[31m
          [36m>[31m
            [36m<input[31m
              [33mclass[31m=[32m"flex-1 px-4 py-2.5 bg-gray-100 rounded-xl text-sm text-gray-900 placeholder-gray-400 focus:outline-none focus:ring-2 focus:ring-indigo-500/30 focus:bg-white transition-all"[31m
              [33mplaceholder[31m=[32m"Ask me anything..."[31m
              [33mtype[31m=[32m"text"[31m
              [33mvalue[31m=[32m""[31m
            [36m/>[31m
            [36m<button[31m
              [33mclass[31m=[32m"w-10 h-10 bg-indigo-600 text-white rounded-xl hover:bg-indigo-700 disabled:opacity-50 flex items-center justify-center transition-colors"[31m
              [33mdisabled[31m=[32m""[31m
              [33mtype[31m=[32m"submit"[31m
            [36m>[31m
              [36m<svg[31m
                [33maria-hidden[31m=[32m"true"[31m
                [33mclass[31m=[32m"w-5 h-5"[31m
                [33mdata-slot[31m=[32m"icon"[31m
                [33mfill[31m=[32m"currentColor"[31m
                [33mviewBox[31m=[32m"0 0 24 24"[31m
                [33mxmlns[31m=[32m"http://www.w3.org/2000/svg"[31m
              [36m>[31m
                [36m<path[31m
                  [33md[31m=[32m"M3.478 2.404a.75.75 0 0 0-.926.941l2.432 7.905H13.5a.75.75 0 0 1 0 1.5H4.984l-2.432 7.905a.75.75 0 0 0 .926.94 60.519 60.519 0 0 0 18.445-8.986.75.75 0 0 0 0-1.218A60.517 60.517 0 0 0 3.478 2.404Z"[31m
                [36m/>[31m
              [36m</svg>[31m
            [36m</button>[31m
          [36m</div>[31m
        [36m</form>[31m
      [36m</div>[31m
    [36m</div>[31m
  [36m</div>[31m
[36m</body>[31m

Ignored nodes: comments, script, style
[36m<html>[31m
  [36m<head />[31m
  [36m<body>[31m
    [36m<div>[31m
      [36m<button[31m
        [33maria-label[31m=[32m"Open AI Assistant"[31m
        [33mclass[31m=[32m"fixed bottom-20 lg:bottom-6 right-4 lg:right-6 w-14 h-14 bg-gradient-to-br from-indigo-600 to-violet-600 text-white rounded-full shadow-lg shadow-indigo-500/30 hover:shadow-xl hover:scale-110 transition-all flex items-center justify-center z-40 group"[31m
      [36m>[31m
        [36m<svg[31m
          [33maria-hidden[31m=[32m"true"[31m
          [33mclass[31m=[32m"w-6 h-6 group-hover:animate-pulse"[31m
          [33mdata-slot[31m=[32m"icon"[31m
          [33mfill[31m=[32m"currentColor"[31m
          [33mviewBox[31m=[32m"0 0 24 24"[31m
          [33mxmlns[31m=[32m"http://www.w3.org/2000/svg"[31m
        [36m>[31m
          [36m<path[31m
            [33mclip-rule[31m=[32m"evenodd"[31m
            [33md[31m=[32m"M9 4.5a.75.75 0 0 1 .721.544l.813 2.846a3.75 3.75 0 0 0 2.576 2.576l2.846.813a.75.75 0 0 1 0 1.442l-2.846.813a3.75 3.75 0 0 0-2.576 2.576l-.813 2.846a.75.75 0 0 1-1.442 0l-.813-2.846a3.75 3.75 0 0 0-2.576-2.576l-2.846-.813a.75.75 0 0 1 0-1.442l2.846-.813A3.75 3.75 0 0 0 7.466 7.89l.813-2.846A.75.75 0 0 1 9 4.5ZM18 1.5a.75.75 0 0 1 .728.568l.258 1.036c.236.94.97 1.674 1.91 1.91l1.036.258a.75.75 0 0 1 0 1.456l-1.036.258c-.94.236-1.674.97-1.91 1.91l-.258 1.036a.75.75 0 0 1-1.456 0l-.258-1.036a2.625 2.625 0 0 0-1.91-1.91l-1.036-.258a.75.75 0 0 1 0-1.456l1.036-.258a2.625 2.625 0 0 0 1.91-1.91l.258-1.036A.75.75 0 0 1 18 1.5ZM16.5 15a.75.75 0 0 1 .712.513l.394 1.183c.15.447.5.799.948.948l1.183.395a.75.75 0 0 1 0 1.422l-1.183.395c-.447.15-.799.5-.948.948l-.395 1.183a.75.75 0 0 1-1.422 0l-.395-1.183a1.5 1.5 0 0 0-.948-.948l-1.183-.395a.75.75 0 0 1 0-1.422l1.183-.395c.447-.15.799-.5.948-.948l.395-1.183A.75.75 0 0 1 16.5 15Z"[31m
            [33mfill-rule[31m=[32m"evenodd"[31m
          [36m/>[31m
        [36m</svg>[31m
      [36m</button>[31m
      [36m<div[31m
        [33mclass[31m=[32m"fixed top-4 bottom-24 right-4 lg:right-6 z-50 flex items-end animate-slideUp"[31m
      [36m>[31m
        [36m<div[31m
          [33mclass[31m=[32m"w-[380px] max-h-full h-[480px] flex flex-col bg-white rounded-2xl shadow-2xl border border-gray-200 overflow-hidden"[31m
        [36m>[31m
          [36m<div[31m
            [33mclass[31m=[32m"px-4 py-3 flex items-center justify-between bg-gradient-to-r from-indigo-600 to-violet-600 text-white"[31m
          [36m>[31m
            [36m<div[31m
              [33mclass[31m=[32m"flex items-center gap-3"[31m
            [36m>[31m
              [36m<div[31m
                [33mclass[31m=[32m"w-9 h-9 rounded-xl bg-white/20 flex items-center justify-center"[31m
              [36m>[31m
                [36m<svg[31m
                  [33maria-hidden[31m=[32m"true"[31m
                  [33mclass[31m=[32m"w-5 h-5"[31m
                  [33mdata-slot[31m=[32m"icon"[31m
                  [33mfill[31m=[32m"currentColor"[31m
                  [33mviewBox[31m=[32m"0 0 24 24"[31m
                  [33mxmlns[31m=[32m"http://www.w3.org/2000/svg"[31m
                [36m>[31m
                  [36m<path[31m
                    [33mclip-rule[31m=[32m"evenodd"[31m
                    [33md[31m=[32m"M9 4.5a.75.75 0 0 1 .721.544l.813 2.846a3.75 3.75 0 0 0 2.576 2.576l2.846.813a.75.75 0 0 1 0 1.442l-2.846.813a3.75 3.75 0 0 0-2.576 2.576l-.813 2.846a.75.75 0 0 1-1.442 0l-.813-2.846a3.75 3.75 0 0 0-2.576-2.576l-2.846-.813a.75.75 0 0 1 0-1.442l2.846-.813A3.75 3.75 0 0 0 7.466 7.89l.813-2.846A.75.75 0 0 1 9 4.5ZM18 1.5a.75.75 0 0 1 .728.568l.258 1.036c.236.94.97 1.674 1.91 1.91l1.036.258a.75.75 0 0 1 0 1.456l-1.036.258c-.94.236-1.674.97-1.91 1.91l-.258 1.036a.75.75 0 0 1-1.456 0l-.258-1.036a2.625 2.625 0 0 0-1.91-1.91l-1.036-.258a.75.75 0 0 1 0-1.456l1.036-.258a2.625 2.625 0 0 0 1.91-1.91l.258-1.036A.75.75 0 0 1 18 1.5ZM16.5 15a.75.75 0 0 1 .712.513l.394 1.183c.15.447.5.799.948.948l1.183.395a.75.75 0 0 1 0 1.422l-1.183.395c-.447.15-.799.5-.948.948l-.395 1.183a.75.75 0 0 1-1.422 0l-.395-1.183a1.5 1.5 0 0 0-.948-.948l-1.183-.395a.75.75 0 0 1 0-1.422l1.183-.395c.447-.15.799-.5.948-.948l.395-1.183A.75.75 0 0 1 16.5 15Z"[31m
                    [33mfill-rule[31m=[32m"evenodd"[31m
                  [36m/>[31m
                [36m</svg>[31m
              [36m</div>[31m
              [36m<div>[31m
                [36m<h2[31m
                  [33mclass[31m=[32m"font-semibold text-sm"[31m
                [36m>[31m
                  [0mAI Assistant[0m
                [36m</h2>[31m
                [36m<p[31m
                  [33mclass[31m=[32m"text-[10px] text-indigo-100 flex items-center gap-1"[31m
                [36m>[31m
                  [36m<span[31m
                    [33mclass[31m=[32m"w-1.5 h-1.5 rounded-full bg-green-400 animate-pulse"[31m
                  [36m/>[31m
                  [0mOnline[0m
                [36m</p>[31m
              [36m</div>[31m
            [36m</div>[31m
            [36m<button[31m
              [33mclass[31m=[32m"w-8 h-8 rounded-full bg-white/10 hover:bg-white/20 flex items-center justify-center transition-colors"[31m
            [36m>[31m
              [36m<svg[31m
                [33maria-hidden[31m=[32m"true"[31m
                [33mclass[31m=[32m"w-5 h-5"[31m
                [33mdata-slot[31m=[32m"icon"[31m
                [33mfill[31m=[32m"currentColor"[31m
                [33mviewBox[31m=[32m"0 0 24 24"[31m
                [33mxmlns[31m=[32m"http://www.w3.org/2000/svg"[31m
              [36m>[31m
                [36m<path[31m
                  [33mclip-rule[31m=[32m"evenodd"[31m
                  [33md[31m=[32m"M5.47 5.47a.75.75 0 0 1 1.06 0L12 10.94l5.47-5.47a.75.75 0 1 1 1.06 1.06L13.06 12l5.47 5.47a.75.75 0 1 1-1.06 1.06L12 13.06l-5.47 5.47a.75.75 0 0 1-1.06-1.06L10.94 12 5.47 6.53a.75.75 0 0 1 0-1.06Z"[31m
                  [33mfill-rule[31m=[32m"evenodd"[31m
                [36m/>[31m
              [36m</svg>[31m
            [36m</button>[31m
          [36m</div>[31m
          [36m<div[31m
            [33mclass[31m=[32m"flex-1 overflow-y-auto p-4 space-y-4 bg-gray-50"[31m
          [36m>[31m
            [36m<div[31m
              [33mclass[31m=[32m"flex justify-start"[31m
            [36m>[31m
              [36m<div[31m
                [33mclass[31m=[32m"max-w-[85%] px-4 py-2.5 text-sm leading-relaxed
                                        bg-white text-gray-800 rounded-2xl rounded-bl-sm shadow-sm border border-gray-100"[31m
              [36m>[31m
                [36m<div[31m
                  [33mclass[31m=[32m"prose prose-sm max-w-none"[31m
                [36m>[31m
                  [36m<div[31m
                    [33mclass[31m=[32m"space-y-3"[31m
                  [36m>[31m
                    [36m<div[31m
                      [33mclass[31m=[32m"space-y-2 pl-1"[31m
                    [36m>[31m
                      [36m<p[31m
                        [33mclass[31m=[32m"text-gray-600 text-sm leading-relaxed py-0.5"[31m
                      [36m>[31m
                        [0mHi! I'm your SinhgadConnect AI. Ask me anything about campus, placements, or find relevant discussions![0m
                      [36m</p>[31m
                    [36m</div>[31m
                  [36m</div>[31m
                [36m</div>[31m
              [36m</div>[31m
            [36m</div>[31m
            [36m<div />[31m
          [36m</div>[31m
          [36m<form[31m
            [33mclass[31m=[32m"p-3 bg-white border-t border-gray-100"[31m
          [36m>[31m
            [36m<div[31m
              [33mclass[31m=[32m"flex gap-2"[31m
            [36m>[31m
              [36m<input[31m
                [33mclass[31m=[32m"flex-1 px-4 py-2.5 bg-gray-100 rounded-xl text-sm text-gray-900 placeholder-gray-400 focus:outline-none focus:ring-2 focus:ring-indigo-500/30 focus:bg-white transition-all"[31m
                [33mplaceholder[31m=[32m"Ask me anything..."[31m
                [33mtype[31m=[32m"text"[31m
                [33mvalue[31m=[32m""[31m
              [36m/>[31m
              [36m<button[31m
                [33mclass[31m=[32m"w-10 h-10 bg-indigo-600 text-white rounded-xl hover:bg-indigo-700 disabled:opacity-50 flex items-center justify-center transition-colors"[31m
                [33mdisabled[31m=[32m""[31m
                [33mtype[31m=[32m"submit"[31m
              [36m>[31m
                [36m<svg[31m
                  [33maria-hidden[31m=[32m"true"[31m
                  [33mclass[31m=[32m"w-5 h-5"[31m
                  [33mdata-slot[31m=[32m"icon"[31m
                  [33mfill[31m=[32m"currentColor"[31m
                  [33mviewBox[31m=[32m"0 0 24 24"[31m
                  [33mxmlns[31m=[32m"http://www.w3.org/2000/svg"[31m
                [36m>[31m
                  [36m<path[31m
                    [33md[31m=[32m"M3.478 2.404a.75.75 0 0 0-.926.941l2.432 7.905H13.5a.75.75 0 0 1 0 1.5H4.984l-2.432 7.905a.75.75 0 0 0 .926.94 60.519 60.519 0 0 0 18.445-8.986.75.75 0 0 0 0-1.218A60.517 60.517 0 0 0 3.478 2.404Z"[31m
                  [36m/>[31m
                [36m</svg>[31m
              [36m</button>[31m
            [36m</div>[31m
          [36m</form>[31m
        [36m</div>[31m
      [36m</div>[31m
    [36m</div>[31m
  [36m</body>[31m
[36m</html>[31m[39m
 [31m├ù[39m src/components/chat/ChatWidget.test.jsx[2m > [22mChatWidget Component (AI Chat)[2m > [22mOpen/Close Behavior[2m > [22mpreserves chat history when reopening[32m 18[2mms[22m[39m
[31m   ΓåÆ messagesEndRef.current?.scrollIntoView is not a function[39m
node.exe : 
At line:1 char:1
+ & "C:\Program 
Files\nodejs/node.exe" "C:\U
sers\premk\AppData\Roaming\ 
...
+ ~~~~~~~~~~~~~~~~~~~~~~~~~~
~~~~~~~~~~~~~~~~~~~~~~~~~~~~
~~~~~~~~~~~~~~~
    + CategoryInfo          
    : NotSpecified: (:Stri  
  ng) [], RemoteException
    + FullyQualifiedErrorId 
    : NativeCommandError
 
[31mΓÄ»ΓÄ»ΓÄ»ΓÄ»ΓÄ»ΓÄ»[39m
[1m[41m Failed Suites 1 [
49m[22m[31mΓÄ»ΓÄ»ΓÄ»ΓÄ»ΓÄ»
ΓÄ»ΓÄ»[39m

[41m[1m FAIL [22m[49m sr
c/components/posts/PostItem.
test.jsx[2m [ src/component
s/posts/PostItem.test.jsx 
][22m
[31m[1mError[22m: Failed 
to resolve import 
"../test/testUtils" from "sr
c/components/posts/PostItem.
test.jsx". Does the file 
exist?[39m
  Plugin: [35mvite:import-a
nalysis[39m
  File: [36mD:/BE Project/C
ode/SinhgadConnectFrontend/s
rc/components/posts/PostItem
.test.jsx[39m:3:64
[33m  1  |  import { 
jsxDEV } from 
"react/jsx-dev-runtime";
  2  |  import { describe, 
it, expect, beforeEach, vi 
} from "vitest";
  3  |  import { 
renderWithProviders, 
screen, fireEvent, waitFor 
} from "../test/testUtils";
     |                      
                            
                 ^
  4  |  import { mockPost, 
setupFetchMock, 
mockApiResponses } from 
"../test/mocks";
  5  |  import PostItem 
from "./PostItem";[39m
[90m [2mΓ¥»[22m Transform
PluginContext._formatLog ../
../../BE%20Project/Code/Sinh
gadConnectFrontend/node_modu
les/vite/dist/node/chunks/de
p-Bj7gA1-0.js:[2m31422:43[
22m[39m
[90m [2mΓ¥»[22m Transform
PluginContext.error ../../..
/BE%20Project/Code/SinhgadCo
nnectFrontend/node_modules/v
ite/dist/node/chunks/dep-Bj7
gA1-0.js:[2m31419:14[22m[
39m
[90m [2mΓ¥»[22m 
normalizeUrl ../../../BE%20P
roject/Code/SinhgadConnectFr
ontend/node_modules/vite/dis
t/node/chunks/dep-Bj7gA1-0.j
s:[2m29891:18[22m[39m
[90m [2mΓ¥»[22m ../../../
BE%20Project/Code/SinhgadCon
nectFrontend/node_modules/vi
te/dist/node/chunks/dep-Bj7g
A1-0.js:[2m29949:32[22m[3
9m
[90m [2mΓ¥»[22m Transform
PluginContext.transform ../.
./../BE%20Project/Code/Sinhg
adConnectFrontend/node_modul
es/vite/dist/node/chunks/dep
-Bj7gA1-0.js:[2m29917:4[22
m[39m
[90m [2mΓ¥»[22m Environme
ntPluginContainer.transform 
../../../BE%20Project/Code/S
inhgadConnectFrontend/node_m
odules/vite/dist/node/chunks
/dep-Bj7gA1-0.js:[2m31220:1
4[22m[39m
[90m [2mΓ¥»[22m 
loadAndTransform ../../../BE
%20Project/Code/SinhgadConne
ctFrontend/node_modules/vite
/dist/node/chunks/dep-Bj7gA1
-0.js:[2m26307:26[22m[39m

[31m[2mΓÄ»ΓÄ»ΓÄ»ΓÄ»ΓÄ»ΓÄ»Γ
Ä»ΓÄ»ΓÄ»ΓÄ»ΓÄ»ΓÄ»ΓÄ»ΓÄ»ΓÄ»ΓÄ
»ΓÄ»ΓÄ»ΓÄ»ΓÄ»ΓÄ»ΓÄ»ΓÄ»ΓÄ»[1/
8]ΓÄ»[22m[39m


[31mΓÄ»ΓÄ»ΓÄ»ΓÄ»ΓÄ»ΓÄ»ΓÄ»[
39m[1m[41m Failed Tests 7 
[49m[22m[31mΓÄ»ΓÄ»ΓÄ»ΓÄ»Γ
Ä»ΓÄ»ΓÄ»[39m

[41m[1m FAIL [22m[49m sr
c/components/chat/ChatWidget
.test.jsx[2m > 
[22mChatWidget Component 
(AI Chat)[2m > 
[22mRendering[2m > 
[22mopens chat panel when 
FAB is clicked
[31m[1mTestingLibraryEleme
ntError[22m[39m: Unable 
to find an element with the 
text: /Hi! I'm your AI 
assistant/i. This could be 
because the text is broken 
up by multiple elements. In 
this case, you can provide 
a function for your text 
matcher to make your 
matcher more flexible.

Ignored nodes: comments, 
script, style
[36m<body>[39m
  [36m<div>[39m
    [36m<button[39m
      [33maria-label[39m=
[32m"Open AI Assistant"[39m
      
[33mclass[39m=[32m"fixed 
bottom-20 lg:bottom-6 
right-4 lg:right-6 w-14 
h-14 bg-gradient-to-br 
from-indigo-600 
to-violet-600 text-white 
rounded-full shadow-lg 
shadow-indigo-500/30 
hover:shadow-xl 
hover:scale-110 
transition-all flex 
items-center justify-center 
z-40 group"[39m
    [36m>[39m
      [36m<svg[39m
        [33maria-hidden[39
m=[32m"true"[39m
        
[33mclass[39m=[32m"w-6 
h-6 group-hover:animate-puls
e"[39m
        [33mdata-slot[39m=
[32m"icon"[39m
        [33mfill[39m=[32m
"currentColor"[39m
        
[33mviewBox[39m=[32m"0 0 
24 24"[39m
        [33mxmlns[39m=[32
m"http://www.w3.org/2000/svg
"[39m
      [36m>[39m
        [36m<path[39m
          [33mclip-rule[39
m=[32m"evenodd"[39m
          
[33md[39m=[32m"M9 
4.5a.75.75 0 0 1 
.721.544l.813 2.846a3.75 
3.75 0 0 0 2.576 
2.576l2.846.813a.75.75 0 0 
1 0 1.442l-2.846.813a3.75 
3.75 0 0 0-2.576 
2.576l-.813 2.846a.75.75 0 
0 1-1.442 
0l-.813-2.846a3.75 3.75 0 0 
0-2.576-2.576l-2.846-.813a.7
5.75 0 0 1 
0-1.442l2.846-.813A3.75 
3.75 0 0 0 7.466 
7.89l.813-2.846A.75.75 0 0 
1 9 4.5ZM18 1.5a.75.75 0 0 
1 .728.568l.258 
1.036c.236.94.97 1.674 1.91 
1.91l1.036.258a.75.75 0 0 1 
0 1.456l-1.036.258c-.94.236-
1.674.97-1.91 1.91l-.258 
1.036a.75.75 0 0 1-1.456 
0l-.258-1.036a2.625 2.625 0 
0 0-1.91-1.91l-1.036-.258a.7
5.75 0 0 1 
0-1.456l1.036-.258a2.625 
2.625 0 0 0 
1.91-1.91l.258-1.036A.75.75 
0 0 1 18 1.5ZM16.5 
15a.75.75 0 0 1 
.712.513l.394 1.183c.15.447.
5.799.948.948l1.183.395a.75.
75 0 0 1 0 1.422l-1.183.395c
-.447.15-.799.5-.948.948l-.3
95 1.183a.75.75 0 0 1-1.422 
0l-.395-1.183a1.5 1.5 0 0 0-
.948-.948l-1.183-.395a.75.75
 0 0 1 0-1.422l1.183-.395c.4
47-.15.799-.5.948-.948l.395-
1.183A.75.75 0 0 1 16.5 
15Z"[39m
          [33mfill-rule[39
m=[32m"evenodd"[39m
        [36m/>[39m
      [36m</svg>[39m
    [36m</button>[39m
    [36m<div[39m
      
[33mclass[39m=[32m"fixed 
top-4 bottom-24 right-4 
lg:right-6 z-50 flex 
items-end 
animate-slideUp"[39m
    [36m>[39m
      [36m<div[39m
        [33mclass[39m=[32
m"w-[380px] max-h-full 
h-[480px] flex flex-col 
bg-white rounded-2xl 
shadow-2xl border 
border-gray-200 
overflow-hidden"[39m
      [36m>[39m
        [36m<div[39m
          
[33mclass[39m=[32m"px-4 
py-3 flex items-center 
justify-between 
bg-gradient-to-r 
from-indigo-600 
to-violet-600 
text-white"[39m
        [36m>[39m
          [36m<div[39m
            
[33mclass[39m=[32m"flex 
items-center gap-3"[39m
          [36m>[39m
            [36m<div[39m
              
[33mclass[39m=[32m"w-9 
h-9 rounded-xl bg-white/20 
flex items-center 
justify-center"[39m
            [36m>[39m
              [36m<svg[39m
                [33maria-hi
dden[39m=[32m"true"[39m
                
[33mclass[39m=[32m"w-5 
h-5"[39m
                [33mdata-sl
ot[39m=[32m"icon"[39m
                [33mfill[3
9m=[32m"currentColor"[39m
                
[33mviewBox[39m=[32m"0 0 
24 24"[39m
                [33mxmlns[
39m=[32m"http://www.w3.org/
2000/svg"[39m
              [36m>[39m
                
[36m<path[39m
                  [33mclip-
rule[39m=[32m"evenodd"[39
m
                  
[33md[39m=[32m"M9 
4.5a.75.75 0 0 1 
.721.544l.813 2.846a3.75 
3.75 0 0 0 2.576 
2.576l2.846.813a.75.75 0 0 
1 0 1.442l-2.846.813a3.75 
3.75 0 0 0-2.576 
2.576l-.813 2.846a.75.75 0 
0 1-1.442 
0l-.813-2.846a3.75 3.75 0 0 
0-2.576-2.576l-2.846-.813a.7
5.75 0 0 1 
0-1.442l2.846-.813A3.75 
3.75 0 0 0 7.466 
7.89l.813-2.846A.75.75 0 0 
1 9 4.5ZM18 1.5a.75.75 0 0 
1 .728.568l.258 
1.036c.236.94.97 1.674 1.91 
1.91l1.036.258a.75.75 0 0 1 
0 1.456l-1.036.258c-.94.236-
1.674.97-1.91 1.91l-.258 
1.036a.75.75 0 0 1-1.456 
0l-.258-1.036a2.625 2.625 0 
0 0-1.91-1.91l-1.036-.258a.7
5.75 0 0 1 
0-1.456l1.036-.258a2.625 
2.625 0 0 0 
1.91-1.91l.258-1.036A.75.75 
0 0 1 18 1.5ZM16.5 
15a.75.75 0 0 1 
.712.513l.394 1.183c.15.447.
5.799.948.948l1.183.395a.75.
75 0 0 1 0 1.422l-1.183.395c
-.447.15-.799.5-.948.948l-.3
95 1.183a.75.75 0 0 1-1.422 
0l-.395-1.183a1.5 1.5 0 0 0-
.948-.948l-1.183-.395a.75.75
 0 0 1 0-1.422l1.183-.395c.4
47-.15.799-.5.948-.948l.395-
1.183A.75.75 0 0 1 16.5 
15Z"[39m
                  [33mfill-
rule[39m=[32m"evenodd"[39
m
                [36m/>[39m
              
[36m</svg>[39m
            [36m</div>[39m
            [36m<div>[39m
              [36m<h2[39m
                [33mclass[
39m=[32m"font-semibold 
text-sm"[39m
              [36m>[39m
                [0mAI 
Assistant[0m
              
[36m</h2>[39m
              [36m<p[39m
                [33mclass[
39m=[32m"text-[10px] 
text-indigo-100 flex 
items-center gap-1"[39m
              [36m>[39m
                
[36m<span[39m
                  
[33mclass[39m=[32m"w-1.5 
h-1.5 rounded-full 
bg-green-400 
animate-pulse"[39m
                [36m/>[39m
                
[0mOnline[0m
              [36m</p>[39m
            [36m</div>[39m
          [36m</div>[39m
          [36m<button[39m
            
[33mclass[39m=[32m"w-8 
h-8 rounded-full 
bg-white/10 
hover:bg-white/20 flex 
items-center justify-center 
transition-colors"[39m
          [36m>[39m
            [36m<svg[39m
              [33maria-hidd
en[39m=[32m"true"[39m
              
[33mclass[39m=[32m"w-5 
h-5"[39m
              [33mdata-slot
[39m=[32m"icon"[39m
              [33mfill[39m
=[32m"currentColor"[39m
              
[33mviewBox[39m=[32m"0 0 
24 24"[39m
              [33mxmlns[39
m=[32m"http://www.w3.org/20
00/svg"[39m
            [36m>[39m
              
[36m<path[39m
                [33mclip-ru
le[39m=[32m"evenodd"[39m
                
[33md[39m=[32m"M5.47 
5.47a.75.75 0 0 1 1.06 0L12 
10.94l5.47-5.47a.75.75 0 1 
1 1.06 1.06L13.06 12l5.47 
5.47a.75.75 0 1 1-1.06 
1.06L12 13.06l-5.47 
5.47a.75.75 0 0 
1-1.06-1.06L10.94 12 5.47 
6.53a.75.75 0 0 1 
0-1.06Z"[39m
                [33mfill-ru
le[39m=[32m"evenodd"[39m
              [36m/>[39m
            [36m</svg>[39m
          
[36m</button>[39m
        [36m</div>[39m
        [36m<div[39m
          [33mclass[39m=[
32m"flex-1 overflow-y-auto 
p-4 space-y-4 
bg-gray-50"[39m
        [36m>[39m
          [36m<div[39m
            
[33mclass[39m=[32m"flex 
justify-start"[39m
          [36m>[39m
            [36m<div[39m
              [33mclass[39
m=[32m"max-w-[85%] px-4 
py-2.5 text-sm 
leading-relaxed
                            
            bg-white 
text-gray-800 rounded-2xl 
rounded-bl-sm shadow-sm 
border border-gray-100"[39m
            [36m>[39m
              [36m<div[39m
                
[33mclass[39m=[32m"prose 
prose-sm max-w-none"[39m
              [36m>[39m
                
[36m<div[39m
                  [33mclass
[39m=[32m"space-y-3"[39m
                [36m>[39m
                  
[36m<div[39m
                    [33mcla
ss[39m=[32m"space-y-2 
pl-1"[39m
                  
[36m>[39m
                    
[36m<p[39m
                      [33mc
lass[39m=[32m"text-gray-60
0 text-sm leading-relaxed 
py-0.5"[39m
                    
[36m>[39m
                      
[0mHi! I'm your 
SinhgadConnect AI. Ask me 
anything about campus, 
placements, or find 
relevant discussions![0m
                    
[36m</p>[39m
                  
[36m</div>[39m
                
[36m</div>[39m
              
[36m</div>[39m
            [36m</div>[39m
          [36m</div>[39m
          [36m<div />[39m
        [36m</div>[39m
        [36m<form[39m
          
[33mclass[39m=[32m"p-3 
bg-white border-t 
border-gray-100"[39m
        [36m>[39m
          [36m<div[39m
            
[33mclass[39m=[32m"flex 
gap-2"[39m
          [36m>[39m
            [36m<input[39m
              [33mclass[39
m=[32m"flex-1 px-4 py-2.5 
bg-gray-100 rounded-xl 
text-sm text-gray-900 
placeholder-gray-400 
focus:outline-none 
focus:ring-2 
focus:ring-indigo-500/30 
focus:bg-white 
transition-all"[39m
              [33mplacehold
er[39m=[32m"Ask me 
anything..."[39m
              [33mtype[39m
=[32m"text"[39m
              
[33mvalue[39m=[32m""[39m
            [36m/>[39m
            
[36m<button[39m
              
[33mclass[39m=[32m"w-10 
h-10 bg-indigo-600 
text-white rounded-xl 
hover:bg-indigo-700 
disabled:opacity-50 flex 
items-center justify-center 
transition-colors"[39m
              [33mdisabled
[39m=[32m""[39m
              [33mtype[39m
=[32m"submit"[39m
            [36m>[39m
              [36m<svg[39m
                [33maria-hi
dden[39m=[32m"true"[39m
                
[33mclass[39m=[32m"w-5 
h-5"[39m
                [33mdata-sl
ot[39m=[32m"icon"[39m
                [33mfill[3
9m=[32m"currentColor"[39m
                
[33mviewBox[39m=[32m"0 0 
24 24"[39m
                [33mxmlns[
39m=[32m"http://www.w3.org/
2000/svg"[39m
              [36m>[39m
                
[36m<path[39m
                  
[33md[39m=[32m"M3.478 
2.404a.75.75 0 0 
0-.926.941l2.432 
7.905H13.5a.75.75 0 0 1 0 
1.5H4.984l-2.432 
7.905a.75.75 0 0 0 .926.94 
60.519 60.519 0 0 0 
18.445-8.986.75.75 0 0 0 
0-1.218A60.517 60.517 0 0 0 
3.478 2.404Z"[39m
                [36m/>[39m
              
[36m</svg>[39m
            
[36m</button>[39m
          [36m</div>[39m
        [36m</form>[39m
      [36m</div>[39m
    [36m</div>[39m
  [36m</div>[39m
[36m</body>[39m

Ignored nodes: comments, 
script, style
[36m<html>[39m
  [36m<head />[39m
  [36m<body>[39m
    [36m<div>[39m
      [36m<button[39m
        [33maria-label[39m
=[32m"Open AI 
Assistant"[39m
        
[33mclass[39m=[32m"fixed 
bottom-20 lg:bottom-6 
right-4 lg:right-6 w-14 
h-14 bg-gradient-to-br 
from-indigo-600 
to-violet-600 text-white 
rounded-full shadow-lg 
shadow-indigo-500/30 
hover:shadow-xl 
hover:scale-110 
transition-all flex 
items-center justify-center 
z-40 group"[39m
      [36m>[39m
        [36m<svg[39m
          [33maria-hidden[
39m=[32m"true"[39m
          
[33mclass[39m=[32m"w-6 
h-6 group-hover:animate-puls
e"[39m
          [33mdata-slot[39
m=[32m"icon"[39m
          [33mfill[39m=[3
2m"currentColor"[39m
          
[33mviewBox[39m=[32m"0 0 
24 24"[39m
          [33mxmlns[39m=[
32m"http://www.w3.org/2000/s
vg"[39m
        [36m>[39m
          [36m<path[39m
            [33mclip-rule[
39m=[32m"evenodd"[39m
            
[33md[39m=[32m"M9 
4.5a.75.75 0 0 1 
.721.544l.813 2.846a3.75 
3.75 0 0 0 2.576 
2.576l2.846.813a.75.75 0 0 
1 0 1.442l-2.846.813a3.75 
3.75 0 0 0-2.576 
2.576l-.813 2.846a.75.75 0 
0 1-1.442 
0l-.813-2.846a3.75 3.75 0 0 
0-2.576-2.576l-2.846-.813a.7
5.75 0 0 1 
0-1.442l2.846-.813A3.75 
3.75 0 0 0 7.466 
7.89l.813-2.846A.75.75 0 0 
1 9 4.5ZM18 1.5a.75.75 0 0 
1 .728.568l.258 
1.036c.236.94.97 1.674 1.91 
1.91l1.036.258a.75.75 0 0 1 
0 1.456l-1.036.258c-.94.236-
1.674.97-1.91 1.91l-.258 
1.036a.75.75 0 0 1-1.456 
0l-.258-1.036a2.625 2.625 0 
0 0-1.91-1.91l-1.036-.258a.7
5.75 0 0 1 
0-1.456l1.036-.258a2.625 
2.625 0 0 0 
1.91-1.91l.258-1.036A.75.75 
0 0 1 18 1.5ZM16.5 
15a.75.75 0 0 1 
.712.513l.394 1.183c.15.447.
5.799.948.948l1.183.395a.75.
75 0 0 1 0 1.422l-1.183.395c
-.447.15-.799.5-.948.948l-.3
95 1.183a.75.75 0 0 1-1.422 
0l-.395-1.183a1.5 1.5 0 0 0-
.948-.948l-1.183-.395a.75.75
 0 0 1 0-1.422l1.183-.395c.4
47-.15.799-.5.948-.948l.395-
1.183A.75.75 0 0 1 16.5 
15Z"[39m
            [33mfill-rule[
39m=[32m"evenodd"[39m
          [36m/>[39m
        [36m</svg>[39m
      [36m</button>[39m
      [36m<div[39m
        
[33mclass[39m=[32m"fixed 
top-4 bottom-24 right-4 
lg:right-6 z-50 flex 
items-end 
animate-slideUp"[39m
      [36m>[39m
        [36m<div[39m
          [33mclass[39m=[
32m"w-[380px] max-h-full 
h-[480px] flex flex-col 
bg-white rounded-2xl 
shadow-2xl border 
border-gray-200 
overflow-hidden"[39m
        [36m>[39m
          [36m<div[39m
            
[33mclass[39m=[32m"px-4 
py-3 flex items-center 
justify-between 
bg-gradient-to-r 
from-indigo-600 
to-violet-600 
text-white"[39m
          [36m>[39m
            [36m<div[39m
              
[33mclass[39m=[32m"flex 
items-center gap-3"[39m
            [36m>[39m
              [36m<div[39m
                
[33mclass[39m=[32m"w-9 
h-9 rounded-xl bg-white/20 
flex items-center 
justify-center"[39m
              [36m>[39m
                
[36m<svg[39m
                  [33maria-
hidden[39m=[32m"true"[39m
                  
[33mclass[39m=[32m"w-5 
h-5"[39m
                  [33mdata-
slot[39m=[32m"icon"[39m
                  [33mfill
[39m=[32m"currentColor"[39
m
                  
[33mviewBox[39m=[32m"0 0 
24 24"[39m
                  [33mxmlns
[39m=[32m"http://www.w3.or
g/2000/svg"[39m
                [36m>[39m
                  
[36m<path[39m
                    [33mcli
p-rule[39m=[32m"evenodd"[
39m
                    
[33md[39m=[32m"M9 
4.5a.75.75 0 0 1 
.721.544l.813 2.846a3.75 
3.75 0 0 0 2.576 
2.576l2.846.813a.75.75 0 0 
1 0 1.442l-2.846.813a3.75 
3.75 0 0 0-2.576 
2.576l-.813 2.846a.75.75 0 
0 1-1.442 
0l-.813-2.846a3.75 3.75 0 0 
0-2.576-2.576l-2.846-.813a.7
5.75 0 0 1 
0-1.442l2.846-.813A3.75 
3.75 0 0 0 7.466 
7.89l.813-2.846A.75.75 0 0 
1 9 4.5ZM18 1.5a.75.75 0 0 
1 .728.568l.258 
1.036c.236.94.97 1.674 1.91 
1.91l1.036.258a.75.75 0 0 1 
0 1.456l-1.036.258c-.94.236-
1.674.97-1.91 1.91l-.258 
1.036a.75.75 0 0 1-1.456 
0l-.258-1.036a2.625 2.625 0 
0 0-1.91-1.91l-1.036-.258a.7
5.75 0 0 1 
0-1.456l1.036-.258a2.625 
2.625 0 0 0 
1.91-1.91l.258-1.036A.75.75 
0 0 1 18 1.5ZM16.5 
15a.75.75 0 0 1 
.712.513l.394 1.183c.15.447.
5.799.948.948l1.183.395a.75.
75 0 0 1 0 1.422l-1.183.395c
-.447.15-.799.5-.948.948l-.3
95 1.183a.75.75 0 0 1-1.422 
0l-.395-1.183a1.5 1.5 0 0 0-
.948-.948l-1.183-.395a.75.75
 0 0 1 0-1.422l1.183-.395c.4
47-.15.799-.5.948-.948l.395-
1.183A.75.75 0 0 1 16.5 
15Z"[39m
                    [33mfil
l-rule[39m=[32m"evenodd"[
39m
                  
[36m/>[39m
                
[36m</svg>[39m
              
[36m</div>[39m
              
[36m<div>[39m
                
[36m<h2[39m
                  [33mclass
[39m=[32m"font-semibold 
text-sm"[39m
                [36m>[39m
                  [0mAI 
Assistant[0m
                
[36m</h2>[39m
                [36m<p[39m
                  [33mclass
[39m=[32m"text-[10px] 
text-indigo-100 flex 
items-center gap-1"[39m
                [36m>[39m
                  
[36m<span[39m
                    
[33mclass[39m=[32m"w-1.5 
h-1.5 rounded-full 
bg-green-400 
animate-pulse"[39m
                  
[36m/>[39m
                  
[0mOnline[0m
                
[36m</p>[39m
              
[36m</div>[39m
            [36m</div>[39m
            
[36m<button[39m
              
[33mclass[39m=[32m"w-8 
h-8 rounded-full 
bg-white/10 
hover:bg-white/20 flex 
items-center justify-center 
transition-colors"[39m
            [36m>[39m
              [36m<svg[39m
                [33maria-hi
dden[39m=[32m"true"[39m
                
[33mclass[39m=[32m"w-5 
h-5"[39m
                [33mdata-sl
ot[39m=[32m"icon"[39m
                [33mfill[3
9m=[32m"currentColor"[39m
                
[33mviewBox[39m=[32m"0 0 
24 24"[39m
                [33mxmlns[
39m=[32m"http://www.w3.org/
2000/svg"[39m
              [36m>[39m
                
[36m<path[39m
                  [33mclip-
rule[39m=[32m"evenodd"[39
m
                  
[33md[39m=[32m"M5.47 
5.47a.75.75 0 0 1 1.06 0L12 
10.94l5.47-5.47a.75.75 0 1 
1 1.06 1.06L13.06 12l5.47 
5.47a.75.75 0 1 1-1.06 
1.06L12 13.06l-5.47 
5.47a.75.75 0 0 
1-1.06-1.06L10.94 12 5.47 
6.53a.75.75 0 0 1 
0-1.06Z"[39m
                  [33mfill-
rule[39m=[32m"evenodd"[39
m
                [36m/>[39m
              
[36m</svg>[39m
            
[36m</button>[39m
          [36m</div>[39m
          [36m<div[39m
            [33mclass[39m=
[32m"flex-1 
overflow-y-auto p-4 
space-y-4 bg-gray-50"[39m
          [36m>[39m
            [36m<div[39m
              
[33mclass[39m=[32m"flex 
justify-start"[39m
            [36m>[39m
              [36m<div[39m
                [33mclass[
39m=[32m"max-w-[85%] px-4 
py-2.5 text-sm 
leading-relaxed
                            
            bg-white 
text-gray-800 rounded-2xl 
rounded-bl-sm shadow-sm 
border border-gray-100"[39m
              [36m>[39m
                
[36m<div[39m
                  
[33mclass[39m=[32m"prose 
prose-sm max-w-none"[39m
                [36m>[39m
                  
[36m<div[39m
                    [33mcla
ss[39m=[32m"space-y-3"[39
m
                  
[36m>[39m
                    
[36m<div[39m
                      [33mc
lass[39m=[32m"space-y-2 
pl-1"[39m
                    
[36m>[39m
                      
[36m<p[39m
                        [33
mclass[39m=[32m"text-gray-
600 text-sm leading-relaxed 
py-0.5"[39m
                      
[36m>[39m
                        
[0mHi! I'm your 
SinhgadConnect AI. Ask me 
anything about campus, 
placements, or find 
relevant discussions![0m
                      
[36m</p>[39m
                    
[36m</div>[39m
                  
[36m</div>[39m
                
[36m</div>[39m
              
[36m</div>[39m
            [36m</div>[39m
            [36m<div 
/>[39m
          [36m</div>[39m
          [36m<form[39m
            
[33mclass[39m=[32m"p-3 
bg-white border-t 
border-gray-100"[39m
          [36m>[39m
            [36m<div[39m
              
[33mclass[39m=[32m"flex 
gap-2"[39m
            [36m>[39m
              
[36m<input[39m
                [33mclass[
39m=[32m"flex-1 px-4 
py-2.5 bg-gray-100 
rounded-xl text-sm 
text-gray-900 
placeholder-gray-400 
focus:outline-none 
focus:ring-2 
focus:ring-indigo-500/30 
focus:bg-white 
transition-all"[39m
                [33mplaceho
lder[39m=[32m"Ask me 
anything..."[39m
                [33mtype[3
9m=[32m"text"[39m
                
[33mvalue[39m=[32m""[39m
              [36m/>[39m
              
[36m<button[39m
                
[33mclass[39m=[32m"w-10 
h-10 bg-indigo-600 
text-white rounded-xl 
hover:bg-indigo-700 
disabled:opacity-50 flex 
items-center justify-center 
transition-colors"[39m
                [33mdisable
d[39m=[32m""[39m
                [33mtype[3
9m=[32m"submit"[39m
              [36m>[39m
                
[36m<svg[39m
                  [33maria-
hidden[39m=[32m"true"[39m
                  
[33mclass[39m=[32m"w-5 
h-5"[39m
                  [33mdata-
slot[39m=[32m"icon"[39m
                  [33mfill
[39m=[32m"currentColor"[39
m
                  
[33mviewBox[39m=[32m"0 0 
24 24"[39m
                  [33mxmlns
[39m=[32m"http://www.w3.or
g/2000/svg"[39m
                [36m>[39m
                  
[36m<path[39m
                    
[33md[39m=[32m"M3.478 
2.404a.75.75 0 0 
0-.926.941l2.432 
7.905H13.5a.75.75 0 0 1 0 
1.5H4.984l-2.432 
7.905a.75.75 0 0 0 .926.94 
60.519 60.519 0 0 0 
18.445-8.986.75.75 0 0 0 
0-1.218A60.517 60.517 0 0 0 
3.478 2.404Z"[39m
                  
[36m/>[39m
                
[36m</svg>[39m
              
[36m</button>[39m
            [36m</div>[39m
          [36m</form>[39m
        [36m</div>[39m
      [36m</div>[39m
    [36m</div>[39m
  [36m</body>[39m
[36m</html>[39m
[90m [2mΓ¥»[22m 
waitForWrapper node_modules/
@testing-library/dom/dist/wa
it-for.js:[2m163:27[22m[3
9m
[36m [2mΓ¥»[22m src/compo
nents/chat/ChatWidget.test.j
sx:[2m32:19[22m[39m
    [90m 30| [39m
    [90m 31| [39m         
   [90m// Chat should now 
be open with welcome 
message[39m
    [90m 32| [39m         
   [35mawait[39m 
[34mwaitFor[39m(() 
[33m=>[39m {
    [90m   | [39m         
         [31m^[39m
    [90m 33| [39m         
       expect(screen.getByTe
xt(/Hi! I'm your AI 
assistant/i))ΓÇª
    [90m 34| [39m         
   })[33m;[39m

[31m[2mΓÄ»ΓÄ»ΓÄ»ΓÄ»ΓÄ»ΓÄ»Γ
Ä»ΓÄ»ΓÄ»ΓÄ»ΓÄ»ΓÄ»ΓÄ»ΓÄ»ΓÄ»ΓÄ
»ΓÄ»ΓÄ»ΓÄ»ΓÄ»ΓÄ»ΓÄ»ΓÄ»ΓÄ»[2/
8]ΓÄ»[22m[39m

[41m[1m FAIL [22m[49m sr
c/components/chat/ChatWidget
.test.jsx[2m > 
[22mChatWidget Component 
(AI Chat)[2m > [22mChat 
Interactions[2m > 
[22msends message when 
form is submitted
[41m[1m FAIL [22m[49m sr
c/components/chat/ChatWidget
.test.jsx[2m > 
[22mChatWidget Component 
(AI Chat)[2m > [22mChat 
Interactions[2m > 
[22mshows loading 
indicator while waiting for 
AI response
[41m[1m FAIL [22m[49m sr
c/components/chat/ChatWidget
.test.jsx[2m > 
[22mChatWidget Component 
(AI Chat)[2m > [22mChat 
Interactions[2m > 
[22mdisplays AI response 
after successful API call
[41m[1m FAIL [22m[49m sr
c/components/chat/ChatWidget
.test.jsx[2m > 
[22mChatWidget Component 
(AI Chat)[2m > [22mChat 
Interactions[2m > 
[22mshows source links in 
AI response
[41m[1m FAIL [22m[49m sr
c/components/chat/ChatWidget
.test.jsx[2m > 
[22mChatWidget Component 
(AI Chat)[2m > 
[22mOpen/Close 
Behavior[2m > 
[22mpreserves chat history 
when reopening
[31m[1mTypeError[22m: mes
sagesEndRef.current?.scrollI
ntoView is not a 
function[39m
[36m [2mΓ¥»[22m 
scrollToBottom src/component
s/chat/ChatWidget.jsx:[2m15
4:33[22m[39m
    [90m152| [39m
    [90m153| [39m    
[35mconst[39m 
scrollToBottom [33m=[39m 
() [33m=>[39m {
    [90m154| [39m        m
essagesEndRef[33m.[39mcurr
ent[33m?.[39m[34mscrollIn
toView[39m({ 
behavior[33m:[39m 
[32m"smooth"[39m 
})[33m;[39m
    [90m   | [39m         
                       
[31m^[39m
    [90m155| [39m    
}[33m;[39m
    [90m156| [39m
[90m [2mΓ¥»[22m src/compo
nents/chat/ChatWidget.jsx:[
2m158:9[22m[39m
[90m [2mΓ¥»[22m Object.re
act_stack_bottom_frame node_
modules/react-dom/cjs/react-
dom-client.development.js:[
2m23953:20[22m[39m
[90m [2mΓ¥»[22m 
runWithFiberInDEV node_modul
es/react-dom/cjs/react-dom-c
lient.development.js:[2m152
2:13[22m[39m
[90m [2mΓ¥»[22m 
commitHookEffectListMount no
de_modules/react-dom/cjs/rea
ct-dom-client.development.js
:[2m11905:29[22m[39m
[90m [2mΓ¥»[22m commitHoo
kPassiveMountEffects node_mo
dules/react-dom/cjs/react-do
m-client.development.js:[2m
12028:11[22m[39m
[90m [2mΓ¥»[22m 
commitPassiveMountOnFiber no
de_modules/react-dom/cjs/rea
ct-dom-client.development.js
:[2m13841:13[22m[39m
[90m [2mΓ¥»[22m recursive
lyTraversePassiveMountEffect
s node_modules/react-dom/cjs
/react-dom-client.developmen
t.js:[2m13815:11[22m[39m
[90m [2mΓ¥»[22m 
commitPassiveMountOnFiber no
de_modules/react-dom/cjs/rea
ct-dom-client.development.js
:[2m13957:11[22m[39m
[90m [2mΓ¥»[22m recursive
lyTraversePassiveMountEffect
s node_modules/react-dom/cjs
/react-dom-client.developmen
t.js:[2m13815:11[22m[39m

[31m[2mΓÄ»ΓÄ»ΓÄ»ΓÄ»ΓÄ»ΓÄ»Γ
Ä»ΓÄ»ΓÄ»ΓÄ»ΓÄ»ΓÄ»ΓÄ»ΓÄ»ΓÄ»ΓÄ
»ΓÄ»ΓÄ»ΓÄ»ΓÄ»ΓÄ»ΓÄ»ΓÄ»ΓÄ»[3/
8]ΓÄ»[22m[39m

[41m[1m FAIL [22m[49m sr
c/components/chat/ChatWidget
.test.jsx[2m > 
[22mChatWidget Component 
(AI Chat)[2m > 
[22mOpen/Close 
Behavior[2m > [22mcloses 
chat when close button is 
clicked
[31m[1mTestingLibraryEleme
ntError[22m[39m: Unable 
to find an element with the 
text: /Hi! I'm your AI 
assistant/i. This could be 
because the text is broken 
up by multiple elements. In 
this case, you can provide 
a function for your text 
matcher to make your 
matcher more flexible.

Ignored nodes: comments, 
script, style
[36m<body>[39m
  [36m<div>[39m
    [36m<button[39m
      [33maria-label[39m=
[32m"Open AI Assistant"[39m
      
[33mclass[39m=[32m"fixed 
bottom-20 lg:bottom-6 
right-4 lg:right-6 w-14 
h-14 bg-gradient-to-br 
from-indigo-600 
to-violet-600 text-white 
rounded-full shadow-lg 
shadow-indigo-500/30 
hover:shadow-xl 
hover:scale-110 
transition-all flex 
items-center justify-center 
z-40 group"[39m
    [36m>[39m
      [36m<svg[39m
        [33maria-hidden[39
m=[32m"true"[39m
        
[33mclass[39m=[32m"w-6 
h-6 group-hover:animate-puls
e"[39m
        [33mdata-slot[39m=
[32m"icon"[39m
        [33mfill[39m=[32m
"currentColor"[39m
        
[33mviewBox[39m=[32m"0 0 
24 24"[39m
        [33mxmlns[39m=[32
m"http://www.w3.org/2000/svg
"[39m
      [36m>[39m
        [36m<path[39m
          [33mclip-rule[39
m=[32m"evenodd"[39m
          
[33md[39m=[32m"M9 
4.5a.75.75 0 0 1 
.721.544l.813 2.846a3.75 
3.75 0 0 0 2.576 
2.576l2.846.813a.75.75 0 0 
1 0 1.442l-2.846.813a3.75 
3.75 0 0 0-2.576 
2.576l-.813 2.846a.75.75 0 
0 1-1.442 
0l-.813-2.846a3.75 3.75 0 0 
0-2.576-2.576l-2.846-.813a.7
5.75 0 0 1 
0-1.442l2.846-.813A3.75 
3.75 0 0 0 7.466 
7.89l.813-2.846A.75.75 0 0 
1 9 4.5ZM18 1.5a.75.75 0 0 
1 .728.568l.258 
1.036c.236.94.97 1.674 1.91 
1.91l1.036.258a.75.75 0 0 1 
0 1.456l-1.036.258c-.94.236-
1.674.97-1.91 1.91l-.258 
1.036a.75.75 0 0 1-1.456 
0l-.258-1.036a2.625 2.625 0 
0 0-1.91-1.91l-1.036-.258a.7
5.75 0 0 1 
0-1.456l1.036-.258a2.625 
2.625 0 0 0 
1.91-1.91l.258-1.036A.75.75 
0 0 1 18 1.5ZM16.5 
15a.75.75 0 0 1 
.712.513l.394 1.183c.15.447.
5.799.948.948l1.183.395a.75.
75 0 0 1 0 1.422l-1.183.395c
-.447.15-.799.5-.948.948l-.3
95 1.183a.75.75 0 0 1-1.422 
0l-.395-1.183a1.5 1.5 0 0 0-
.948-.948l-1.183-.395a.75.75
 0 0 1 0-1.422l1.183-.395c.4
47-.15.799-.5.948-.948l.395-
1.183A.75.75 0 0 1 16.5 
15Z"[39m
          [33mfill-rule[39
m=[32m"evenodd"[39m
        [36m/>[39m
      [36m</svg>[39m
    [36m</button>[39m
    [36m<div[39m
      
[33mclass[39m=[32m"fixed 
top-4 bottom-24 right-4 
lg:right-6 z-50 flex 
items-end 
animate-slideUp"[39m
    [36m>[39m
      [36m<div[39m
        [33mclass[39m=[32
m"w-[380px] max-h-full 
h-[480px] flex flex-col 
bg-white rounded-2xl 
shadow-2xl border 
border-gray-200 
overflow-hidden"[39m
      [36m>[39m
        [36m<div[39m
          
[33mclass[39m=[32m"px-4 
py-3 flex items-center 
justify-between 
bg-gradient-to-r 
from-indigo-600 
to-violet-600 
text-white"[39m
        [36m>[39m
          [36m<div[39m
            
[33mclass[39m=[32m"flex 
items-center gap-3"[39m
          [36m>[39m
            [36m<div[39m
              
[33mclass[39m=[32m"w-9 
h-9 rounded-xl bg-white/20 
flex items-center 
justify-center"[39m
            [36m>[39m
              [36m<svg[39m
                [33maria-hi
dden[39m=[32m"true"[39m
                
[33mclass[39m=[32m"w-5 
h-5"[39m
                [33mdata-sl
ot[39m=[32m"icon"[39m
                [33mfill[3
9m=[32m"currentColor"[39m
                
[33mviewBox[39m=[32m"0 0 
24 24"[39m
                [33mxmlns[
39m=[32m"http://www.w3.org/
2000/svg"[39m
              [36m>[39m
                
[36m<path[39m
                  [33mclip-
rule[39m=[32m"evenodd"[39
m
                  
[33md[39m=[32m"M9 
4.5a.75.75 0 0 1 
.721.544l.813 2.846a3.75 
3.75 0 0 0 2.576 
2.576l2.846.813a.75.75 0 0 
1 0 1.442l-2.846.813a3.75 
3.75 0 0 0-2.576 
2.576l-.813 2.846a.75.75 0 
0 1-1.442 
0l-.813-2.846a3.75 3.75 0 0 
0-2.576-2.576l-2.846-.813a.7
5.75 0 0 1 
0-1.442l2.846-.813A3.75 
3.75 0 0 0 7.466 
7.89l.813-2.846A.75.75 0 0 
1 9 4.5ZM18 1.5a.75.75 0 0 
1 .728.568l.258 
1.036c.236.94.97 1.674 1.91 
1.91l1.036.258a.75.75 0 0 1 
0 1.456l-1.036.258c-.94.236-
1.674.97-1.91 1.91l-.258 
1.036a.75.75 0 0 1-1.456 
0l-.258-1.036a2.625 2.625 0 
0 0-1.91-1.91l-1.036-.258a.7
5.75 0 0 1 
0-1.456l1.036-.258a2.625 
2.625 0 0 0 
1.91-1.91l.258-1.036A.75.75 
0 0 1 18 1.5ZM16.5 
15a.75.75 0 0 1 
.712.513l.394 1.183c.15.447.
5.799.948.948l1.183.395a.75.
75 0 0 1 0 1.422l-1.183.395c
-.447.15-.799.5-.948.948l-.3
95 1.183a.75.75 0 0 1-1.422 
0l-.395-1.183a1.5 1.5 0 0 0-
.948-.948l-1.183-.395a.75.75
 0 0 1 0-1.422l1.183-.395c.4
47-.15.799-.5.948-.948l.395-
1.183A.75.75 0 0 1 16.5 
15Z"[39m
                  [33mfill-
rule[39m=[32m"evenodd"[39
m
                [36m/>[39m
              
[36m</svg>[39m
            [36m</div>[39m
            [36m<div>[39m
              [36m<h2[39m
                [33mclass[
39m=[32m"font-semibold 
text-sm"[39m
              [36m>[39m
                [0mAI 
Assistant[0m
              
[36m</h2>[39m
              [36m<p[39m
                [33mclass[
39m=[32m"text-[10px] 
text-indigo-100 flex 
items-center gap-1"[39m
              [36m>[39m
                
[36m<span[39m
                  
[33mclass[39m=[32m"w-1.5 
h-1.5 rounded-full 
bg-green-400 
animate-pulse"[39m
                [36m/>[39m
                
[0mOnline[0m
              [36m</p>[39m
            [36m</div>[39m
          [36m</div>[39m
          [36m<button[39m
            
[33mclass[39m=[32m"w-8 
h-8 rounded-full 
bg-white/10 
hover:bg-white/20 flex 
items-center justify-center 
transition-colors"[39m
          [36m>[39m
            [36m<svg[39m
              [33maria-hidd
en[39m=[32m"true"[39m
              
[33mclass[39m=[32m"w-5 
h-5"[39m
              [33mdata-slot
[39m=[32m"icon"[39m
              [33mfill[39m
=[32m"currentColor"[39m
              
[33mviewBox[39m=[32m"0 0 
24 24"[39m
              [33mxmlns[39
m=[32m"http://www.w3.org/20
00/svg"[39m
            [36m>[39m
              
[36m<path[39m
                [33mclip-ru
le[39m=[32m"evenodd"[39m
                
[33md[39m=[32m"M5.47 
5.47a.75.75 0 0 1 1.06 0L12 
10.94l5.47-5.47a.75.75 0 1 
1 1.06 1.06L13.06 12l5.47 
5.47a.75.75 0 1 1-1.06 
1.06L12 13.06l-5.47 
5.47a.75.75 0 0 
1-1.06-1.06L10.94 12 5.47 
6.53a.75.75 0 0 1 
0-1.06Z"[39m
                [33mfill-ru
le[39m=[32m"evenodd"[39m
              [36m/>[39m
            [36m</svg>[39m
          
[36m</button>[39m
        [36m</div>[39m
        [36m<div[39m
          [33mclass[39m=[
32m"flex-1 overflow-y-auto 
p-4 space-y-4 
bg-gray-50"[39m
        [36m>[39m
          [36m<div[39m
            
[33mclass[39m=[32m"flex 
justify-start"[39m
          [36m>[39m
            [36m<div[39m
              [33mclass[39
m=[32m"max-w-[85%] px-4 
py-2.5 text-sm 
leading-relaxed
                            
            bg-white 
text-gray-800 rounded-2xl 
rounded-bl-sm shadow-sm 
border border-gray-100"[39m
            [36m>[39m
              [36m<div[39m
                
[33mclass[39m=[32m"prose 
prose-sm max-w-none"[39m
              [36m>[39m
                
[36m<div[39m
                  [33mclass
[39m=[32m"space-y-3"[39m
                [36m>[39m
                  
[36m<div[39m
                    [33mcla
ss[39m=[32m"space-y-2 
pl-1"[39m
                  
[36m>[39m
                    
[36m<p[39m
                      [33mc
lass[39m=[32m"text-gray-60
0 text-sm leading-relaxed 
py-0.5"[39m
                    
[36m>[39m
                      
[0mHi! I'm your 
SinhgadConnect AI. Ask me 
anything about campus, 
placements, or find 
relevant discussions![0m
                    
[36m</p>[39m
                  
[36m</div>[39m
                
[36m</div>[39m
              
[36m</div>[39m
            [36m</div>[39m
          [36m</div>[39m
          [36m<div />[39m
        [36m</div>[39m
        [36m<form[39m
          
[33mclass[39m=[32m"p-3 
bg-white border-t 
border-gray-100"[39m
        [36m>[39m
          [36m<div[39m
            
[33mclass[39m=[32m"flex 
gap-2"[39m
          [36m>[39m
            [36m<input[39m
              [33mclass[39
m=[32m"flex-1 px-4 py-2.5 
bg-gray-100 rounded-xl 
text-sm text-gray-900 
placeholder-gray-400 
focus:outline-none 
focus:ring-2 
focus:ring-indigo-500/30 
focus:bg-white 
transition-all"[39m
              [33mplacehold
er[39m=[32m"Ask me 
anything..."[39m
              [33mtype[39m
=[32m"text"[39m
              
[33mvalue[39m=[32m""[39m
            [36m/>[39m
            
[36m<button[39m
              
[33mclass[39m=[32m"w-10 
h-10 bg-indigo-600 
text-white rounded-xl 
hover:bg-indigo-700 
disabled:opacity-50 flex 
items-center justify-center 
transition-colors"[39m
              [33mdisabled
[39m=[32m""[39m
              [33mtype[39m
=[32m"submit"[39m
            [36m>[39m
              [36m<svg[39m
                [33maria-hi
dden[39m=[32m"true"[39m
                
[33mclass[39m=[32m"w-5 
h-5"[39m
                [33mdata-sl
ot[39m=[32m"icon"[39m
                [33mfill[3
9m=[32m"currentColor"[39m
                
[33mviewBox[39m=[32m"0 0 
24 24"[39m
                [33mxmlns[
39m=[32m"http://www.w3.org/
2000/svg"[39m
              [36m>[39m
                
[36m<path[39m
                  
[33md[39m=[32m"M3.478 
2.404a.75.75 0 0 
0-.926.941l2.432 
7.905H13.5a.75.75 0 0 1 0 
1.5H4.984l-2.432 
7.905a.75.75 0 0 0 .926.94 
60.519 60.519 0 0 0 
18.445-8.986.75.75 0 0 0 
0-1.218A60.517 60.517 0 0 0 
3.478 2.404Z"[39m
                [36m/>[39m
              
[36m</svg>[39m
            
[36m</button>[39m
          [36m</div>[39m
        [36m</form>[39m
      [36m</div>[39m
    [36m</div>[39m
  [36m</div>[39m
[36m</body>[39m

Ignored nodes: comments, 
script, style
[36m<html>[39m
  [36m<head />[39m
  [36m<body>[39m
    [36m<div>[39m
      [36m<button[39m
        [33maria-label[39m
=[32m"Open AI 
Assistant"[39m
        
[33mclass[39m=[32m"fixed 
bottom-20 lg:bottom-6 
right-4 lg:right-6 w-14 
h-14 bg-gradient-to-br 
from-indigo-600 
to-violet-600 text-white 
rounded-full shadow-lg 
shadow-indigo-500/30 
hover:shadow-xl 
hover:scale-110 
transition-all flex 
items-center justify-center 
z-40 group"[39m
      [36m>[39m
        [36m<svg[39m
          [33maria-hidden[
39m=[32m"true"[39m
          
[33mclass[39m=[32m"w-6 
h-6 group-hover:animate-puls
e"[39m
          [33mdata-slot[39
m=[32m"icon"[39m
          [33mfill[39m=[3
2m"currentColor"[39m
          
[33mviewBox[39m=[32m"0 0 
24 24"[39m
          [33mxmlns[39m=[
32m"http://www.w3.org/2000/s
vg"[39m
        [36m>[39m
          [36m<path[39m
            [33mclip-rule[
39m=[32m"evenodd"[39m
            
[33md[39m=[32m"M9 
4.5a.75.75 0 0 1 
.721.544l.813 2.846a3.75 
3.75 0 0 0 2.576 
2.576l2.846.813a.75.75 0 0 
1 0 1.442l-2.846.813a3.75 
3.75 0 0 0-2.576 
2.576l-.813 2.846a.75.75 0 
0 1-1.442 
0l-.813-2.846a3.75 3.75 0 0 
0-2.576-2.576l-2.846-.813a.7
5.75 0 0 1 
0-1.442l2.846-.813A3.75 
3.75 0 0 0 7.466 
7.89l.813-2.846A.75.75 0 0 
1 9 4.5ZM18 1.5a.75.75 0 0 
1 .728.568l.258 
1.036c.236.94.97 1.674 1.91 
1.91l1.036.258a.75.75 0 0 1 
0 1.456l-1.036.258c-.94.236-
1.674.97-1.91 1.91l-.258 
1.036a.75.75 0 0 1-1.456 
0l-.258-1.036a2.625 2.625 0 
0 0-1.91-1.91l-1.036-.258a.7
5.75 0 0 1 
0-1.456l1.036-.258a2.625 
2.625 0 0 0 
1.91-1.91l.258-1.036A.75.75 
0 0 1 18 1.5ZM16.5 
15a.75.75 0 0 1 
.712.513l.394 1.183c.15.447.
5.799.948.948l1.183.395a.75.
75 0 0 1 0 1.422l-1.183.395c
-.447.15-.799.5-.948.948l-.3
95 1.183a.75.75 0 0 1-1.422 
0l-.395-1.183a1.5 1.5 0 0 0-
.948-.948l-1.183-.395a.75.75
 0 0 1 0-1.422l1.183-.395c.4
47-.15.799-.5.948-.948l.395-
1.183A.75.75 0 0 1 16.5 
15Z"[39m
            [33mfill-rule[
39m=[32m"evenodd"[39m
          [36m/>[39m
        [36m</svg>[39m
      [36m</button>[39m
      [36m<div[39m
        
[33mclass[39m=[32m"fixed 
top-4 bottom-24 right-4 
lg:right-6 z-50 flex 
items-end 
animate-slideUp"[39m
      [36m>[39m
        [36m<div[39m
          [33mclass[39m=[
32m"w-[380px] max-h-full 
h-[480px] flex flex-col 
bg-white rounded-2xl 
shadow-2xl border 
border-gray-200 
overflow-hidden"[39m
        [36m>[39m
          [36m<div[39m
            
[33mclass[39m=[32m"px-4 
py-3 flex items-center 
justify-between 
bg-gradient-to-r 
from-indigo-600 
to-violet-600 
text-white"[39m
          [36m>[39m
            [36m<div[39m
              
[33mclass[39m=[32m"flex 
items-center gap-3"[39m
            [36m>[39m
              [36m<div[39m
                
[33mclass[39m=[32m"w-9 
h-9 rounded-xl bg-white/20 
flex items-center 
justify-center"[39m
              [36m>[39m
                
[36m<svg[39m
                  [33maria-
hidden[39m=[32m"true"[39m
                  
[33mclass[39m=[32m"w-5 
h-5"[39m
                  [33mdata-
slot[39m=[32m"icon"[39m
                  [33mfill
[39m=[32m"currentColor"[39
m
                  
[33mviewBox[39m=[32m"0 0 
24 24"[39m
                  [33mxmlns
[39m=[32m"http://www.w3.or
g/2000/svg"[39m
                [36m>[39m
                  
[36m<path[39m
                    [33mcli
p-rule[39m=[32m"evenodd"[
39m
                    
[33md[39m=[32m"M9 
4.5a.75.75 0 0 1 
.721.544l.813 2.846a3.75 
3.75 0 0 0 2.576 
2.576l2.846.813a.75.75 0 0 
1 0 1.442l-2.846.813a3.75 
3.75 0 0 0-2.576 
2.576l-.813 2.846a.75.75 0 
0 1-1.442 
0l-.813-2.846a3.75 3.75 0 0 
0-2.576-2.576l-2.846-.813a.7
5.75 0 0 1 
0-1.442l2.846-.813A3.75 
3.75 0 0 0 7.466 
7.89l.813-2.846A.75.75 0 0 
1 9 4.5ZM18 1.5a.75.75 0 0 
1 .728.568l.258 
1.036c.236.94.97 1.674 1.91 
1.91l1.036.258a.75.75 0 0 1 
0 1.456l-1.036.258c-.94.236-
1.674.97-1.91 1.91l-.258 
1.036a.75.75 0 0 1-1.456 
0l-.258-1.036a2.625 2.625 0 
0 0-1.91-1.91l-1.036-.258a.7
5.75 0 0 1 
0-1.456l1.036-.258a2.625 
2.625 0 0 0 
1.91-1.91l.258-1.036A.75.75 
0 0 1 18 1.5ZM16.5 
15a.75.75 0 0 1 
.712.513l.394 1.183c.15.447.
5.799.948.948l1.183.395a.75.
75 0 0 1 0 1.422l-1.183.395c
-.447.15-.799.5-.948.948l-.3
95 1.183a.75.75 0 0 1-1.422 
0l-.395-1.183a1.5 1.5 0 0 0-
.948-.948l-1.183-.395a.75.75
 0 0 1 0-1.422l1.183-.395c.4
47-.15.799-.5.948-.948l.395-
1.183A.75.75 0 0 1 16.5 
15Z"[39m
                    [33mfil
l-rule[39m=[32m"evenodd"[
39m
                  
[36m/>[39m
                
[36m</svg>[39m
              
[36m</div>[39m
              
[36m<div>[39m
                
[36m<h2[39m
                  [33mclass
[39m=[32m"font-semibold 
text-sm"[39m
                [36m>[39m
                  [0mAI 
Assistant[0m
                
[36m</h2>[39m
                [36m<p[39m
                  [33mclass
[39m=[32m"text-[10px] 
text-indigo-100 flex 
items-center gap-1"[39m
                [36m>[39m
                  
[36m<span[39m
                    
[33mclass[39m=[32m"w-1.5 
h-1.5 rounded-full 
bg-green-400 
animate-pulse"[39m
                  
[36m/>[39m
                  
[0mOnline[0m
                
[36m</p>[39m
              
[36m</div>[39m
            [36m</div>[39m
            
[36m<button[39m
              
[33mclass[39m=[32m"w-8 
h-8 rounded-full 
bg-white/10 
hover:bg-white/20 flex 
items-center justify-center 
transition-colors"[39m
            [36m>[39m
              [36m<svg[39m
                [33maria-hi
dden[39m=[32m"true"[39m
                
[33mclass[39m=[32m"w-5 
h-5"[39m
                [33mdata-sl
ot[39m=[32m"icon"[39m
                [33mfill[3
9m=[32m"currentColor"[39m
                
[33mviewBox[39m=[32m"0 0 
24 24"[39m
                [33mxmlns[
39m=[32m"http://www.w3.org/
2000/svg"[39m
              [36m>[39m
                
[36m<path[39m
                  [33mclip-
rule[39m=[32m"evenodd"[39
m
                  
[33md[39m=[32m"M5.47 
5.47a.75.75 0 0 1 1.06 0L12 
10.94l5.47-5.47a.75.75 0 1 
1 1.06 1.06L13.06 12l5.47 
5.47a.75.75 0 1 1-1.06 
1.06L12 13.06l-5.47 
5.47a.75.75 0 0 
1-1.06-1.06L10.94 12 5.47 
6.53a.75.75 0 0 1 
0-1.06Z"[39m
                  [33mfill-
rule[39m=[32m"evenodd"[39
m
                [36m/>[39m
              
[36m</svg>[39m
            
[36m</button>[39m
          [36m</div>[39m
          [36m<div[39m
            [33mclass[39m=
[32m"flex-1 
overflow-y-auto p-4 
space-y-4 bg-gray-50"[39m
          [36m>[39m
            [36m<div[39m
              
[33mclass[39m=[32m"flex 
justify-start"[39m
            [36m>[39m
              [36m<div[39m
                [33mclass[
39m=[32m"max-w-[85%] px-4 
py-2.5 text-sm 
leading-relaxed
                            
            bg-white 
text-gray-800 rounded-2xl 
rounded-bl-sm shadow-sm 
border border-gray-100"[39m
              [36m>[39m
                
[36m<div[39m
                  
[33mclass[39m=[32m"prose 
prose-sm max-w-none"[39m
                [36m>[39m
                  
[36m<div[39m
                    [33mcla
ss[39m=[32m"space-y-3"[39
m
                  
[36m>[39m
                    
[36m<div[39m
                      [33mc
lass[39m=[32m"space-y-2 
pl-1"[39m
                    
[36m>[39m
                      
[36m<p[39m
                        [33
mclass[39m=[32m"text-gray-
600 text-sm leading-relaxed 
py-0.5"[39m
                      
[36m>[39m
                        
[0mHi! I'm your 
SinhgadConnect AI. Ask me 
anything about campus, 
placements, or find 
relevant discussions![0m
                      
[36m</p>[39m
                    
[36m</div>[39m
                  
[36m</div>[39m
                
[36m</div>[39m
              
[36m</div>[39m
            [36m</div>[39m
            [36m<div 
/>[39m
          [36m</div>[39m
          [36m<form[39m
            
[33mclass[39m=[32m"p-3 
bg-white border-t 
border-gray-100"[39m
          [36m>[39m
            [36m<div[39m
              
[33mclass[39m=[32m"flex 
gap-2"[39m
            [36m>[39m
              
[36m<input[39m
                [33mclass[
39m=[32m"flex-1 px-4 
py-2.5 bg-gray-100 
rounded-xl text-sm 
text-gray-900 
placeholder-gray-400 
focus:outline-none 
focus:ring-2 
focus:ring-indigo-500/30 
focus:bg-white 
transition-all"[39m
                [33mplaceho
lder[39m=[32m"Ask me 
anything..."[39m
                [33mtype[3
9m=[32m"text"[39m
                
[33mvalue[39m=[32m""[39m
              [36m/>[39m
              
[36m<button[39m
                
[33mclass[39m=[32m"w-10 
h-10 bg-indigo-600 
text-white rounded-xl 
hover:bg-indigo-700 
disabled:opacity-50 flex 
items-center justify-center 
transition-colors"[39m
                [33mdisable
d[39m=[32m""[39m
                [33mtype[3
9m=[32m"submit"[39m
              [36m>[39m
                
[36m<svg[39m
                  [33maria-
hidden[39m=[32m"true"[39m
                  
[33mclass[39m=[32m"w-5 
h-5"[39m
                  [33mdata-
slot[39m=[32m"icon"[39m
                  [33mfill
[39m=[32m"currentColor"[39
m
                  
[33mviewBox[39m=[32m"0 0 
24 24"[39m
                  [33mxmlns
[39m=[32m"http://www.w3.or
g/2000/svg"[39m
                [36m>[39m
                  
[36m<path[39m
                    
[33md[39m=[32m"M3.478 
2.404a.75.75 0 0 
0-.926.941l2.432 
7.905H13.5a.75.75 0 0 1 0 
1.5H4.984l-2.432 
7.905a.75.75 0 0 0 .926.94 
60.519 60.519 0 0 0 
18.445-8.986.75.75 0 0 0 
0-1.218A60.517 60.517 0 0 0 
3.478 2.404Z"[39m
                  
[36m/>[39m
                
[36m</svg>[39m
              
[36m</button>[39m
            [36m</div>[39m
          [36m</form>[39m
        [36m</div>[39m
      [36m</div>[39m
    [36m</div>[39m
  [36m</body>[39m
[36m</html>[39m
[90m [2mΓ¥»[22m 
waitForWrapper node_modules/
@testing-library/dom/dist/wa
it-for.js:[2m163:27[22m[3
9m
[36m [2mΓ¥»[22m src/compo
nents/chat/ChatWidget.test.j
sx:[2m155:19[22m[39m
    [90m153| [39m         
   fireEvent[33m.[39m[34m
click[39m(fab)[33m;[39m
    [90m154| [39m
    [90m155| [39m         
   [35mawait[39m 
[34mwaitFor[39m(() 
[33m=>[39m {
    [90m   | [39m         
         [31m^[39m
    [90m156| [39m         
       expect(screen.getByTe
xt(/Hi! I'm your AI 
assistant/i))ΓÇª
    [90m157| [39m         
   })[33m;[39m

[31m[2mΓÄ»ΓÄ»ΓÄ»ΓÄ»ΓÄ»ΓÄ»Γ
Ä»ΓÄ»ΓÄ»ΓÄ»ΓÄ»ΓÄ»ΓÄ»ΓÄ»ΓÄ»ΓÄ
»ΓÄ»ΓÄ»ΓÄ»ΓÄ»ΓÄ»ΓÄ»ΓÄ»ΓÄ»[4/
8]ΓÄ»[22m[39m

[31mΓÄ»ΓÄ»ΓÄ»ΓÄ»ΓÄ»ΓÄ»[39m
[1m[41m Unhandled Errors 
[49m[22m[31mΓÄ»ΓÄ»ΓÄ»ΓÄ»ΓÄ
»ΓÄ»[39m
[31m[1m
Vitest caught 5 unhandled 
errors during the test run.
This might cause false 
positive tests. Resolve 
unhandled errors to make 
sure your tests are not 
affected.[22m[39m

[31mΓÄ»ΓÄ»ΓÄ»ΓÄ»ΓÄ»[39m[1
m[41m Uncaught Exception [
49m[22m[31mΓÄ»ΓÄ»ΓÄ»ΓÄ»ΓÄ»
[39m
[31m[1mTypeError[22m: 
Cannot read properties of 
null (reading 'focus')[39m
[36m [2mΓ¥»[22m 
Timeout._onTimeout src/compo
nents/chat/ChatWidget.jsx:[
2m163:47[22m[39m
    [90m161| [39m    
[34museEffect[39m(() 
[33m=>[39m {
    [90m162| [39m        
[35mif[39m (isOpen 
[33m&&[39m 
inputRef[33m.[39mcurrent) 
{
    [90m163| [39m         
   [34msetTimeout[39m(() 
[33m=>[39m inputRef[33m.
[39mcurrent[33m.[39m[34mf
ocus[39m()[33m,[39m 
[34m100[39m)[33m;[39m
    [90m   | [39m         
                            
         [31m^[39m
    [90m164| [39m        }
    [90m165| [39m    
}[33m,[39m 
[isOpen])[33m;[39m
[90m [2mΓ¥»[22m 
listOnTimeout node:internal/
timers:[2m588:17[22m[39m
[90m [2mΓ¥»[22m 
processTimers node:internal/
timers:[2m523:7[22m[39m

[31mThis error originated 
in "[1msrc/components/chat/
ChatWidget.test.jsx[22m" 
test file. It doesn't mean 
the error was thrown inside 
the file itself, but while 
it was running.[39m
[31mThe latest test that 
might've caused the error 
is "[1mcloses chat when 
close button is 
clicked[22m". It might 
mean one of the following:
- The error was thrown, 
while Vitest was running 
this test.
- If the error occurred 
after the test had been 
completed, this was the 
last documented test before 
it was thrown.[39m

[31mΓÄ»ΓÄ»ΓÄ»ΓÄ»ΓÄ»[39m[1
m[41m Uncaught Exception [
49m[22m[31mΓÄ»ΓÄ»ΓÄ»ΓÄ»ΓÄ»
[39m
[31m[1mTypeError[22m: 
Cannot read properties of 
null (reading 'focus')[39m
[36m [2mΓ¥»[22m 
Timeout._onTimeout src/compo
nents/chat/ChatWidget.jsx:[
2m163:47[22m[39m
    [90m161| [39m    
[34museEffect[39m(() 
[33m=>[39m {
    [90m162| [39m        
[35mif[39m (isOpen 
[33m&&[39m 
inputRef[33m.[39mcurrent) 
{
    [90m163| [39m         
   [34msetTimeout[39m(() 
[33m=>[39m inputRef[33m.
[39mcurrent[33m.[39m[34mf
ocus[39m()[33m,[39m 
[34m100[39m)[33m;[39m
    [90m   | [39m         
                            
         [31m^[39m
    [90m164| [39m        }
    [90m165| [39m    
}[33m,[39m 
[isOpen])[33m;[39m
[90m [2mΓ¥»[22m 
listOnTimeout node:internal/
timers:[2m588:17[22m[39m
[90m [2mΓ¥»[22m 
processTimers node:internal/
timers:[2m523:7[22m[39m

[31mThis error originated 
in "[1msrc/components/chat/
ChatWidget.test.jsx[22m" 
test file. It doesn't mean 
the error was thrown inside 
the file itself, but while 
it was running.[39m
[31mThe latest test that 
might've caused the error 
is "[1mcloses chat when 
close button is 
clicked[22m". It might 
mean one of the following:
- The error was thrown, 
while Vitest was running 
this test.

- If the error occurred 
after the test had been 
completed, this was the 
last documented test before 
it was thrown.[39m

[31mΓÄ»ΓÄ»ΓÄ»ΓÄ»ΓÄ»[39m[1
m[41m Uncaught Exception [
49m[22m[31mΓÄ»ΓÄ»ΓÄ»ΓÄ»ΓÄ»
[39m
[31m[1mTypeError[22m: 
Cannot read properties of 
null (reading 'focus')[39m
[36m [2mΓ¥»[22m 
Timeout._onTimeout src/compo
nents/chat/ChatWidget.jsx:[
2m163:47[22m[39m
    [90m161| [39m    
[34museEffect[39m(() 
[33m=>[39m {
    [90m162| [39m        
[35mif[39m (isOpen 
[33m&&[39m 
inputRef[33m.[39mcurrent) 
{
    [90m163| [39m         
   [34msetTimeout[39m(() 
[33m=>[39m inputRef[33m.
[39mcurrent[33m.[39m[34mf
ocus[39m()[33m,[39m 
[34m100[39m)[33m;[39m
    [90m   | [39m         
                            
         [31m^[39m
    [90m164| [39m        }
    [90m165| [39m    
}[33m,[39m 
[isOpen])[33m;[39m
[90m [2mΓ¥»[22m 
listOnTimeout node:internal/
timers:[2m588:17[22m[39m
[90m [2mΓ¥»[22m 
processTimers node:internal/
timers:[2m523:7[22m[39m

[31mThis error originated 
in "[1msrc/components/chat/
ChatWidget.test.jsx[22m" 
test file. It doesn't mean 
the error was thrown inside 
the file itself, but while 
it was running.[39m
[31mThe latest test that 
might've caused the error 
is "[1mcloses chat when 
close button is 
clicked[22m". It might 
mean one of the following:
- The error was thrown, 
while Vitest was running 
this test.
[2m Test Files [22m [1m[31m2 failed[39m[22m[90m (2)[39m
[2m      Tests [22m [1m[31m7 failed[39m[22m[2m | [22m[1m[32m2 passed[39m[22m[90m (9)[39m
[2m     Errors [22m [1m[31m5 errors[39m[22m
[2m   Start at [22m 13:42:00
[2m   Duration [22m 3.44s[2m (transform 119ms, setup 316ms, import 293ms, tests 2.29s, environment 1.14s)[22m

- If the error occurred 
after the test had been 
completed, this was the 
last documented test before 
it was thrown.[39m

[31mΓÄ»ΓÄ»ΓÄ»ΓÄ»ΓÄ»[39m[1
m[41m Uncaught Exception [
49m[22m[31mΓÄ»ΓÄ»ΓÄ»ΓÄ»ΓÄ»
[39m
[31m[1mTypeError[22m: 
Cannot read properties of 
null (reading 'focus')[39m
[36m [2mΓ¥»[22m 
Timeout._onTimeout src/compo
nents/chat/ChatWidget.jsx:[
2m163:47[22m[39m
    [90m161| [39m    
[34museEffect[39m(() 
[33m=>[39m {
    [90m162| [39m        
[35mif[39m (isOpen 
[33m&&[39m 
inputRef[33m.[39mcurrent) 
{
    [90m163| [39m         
   [34msetTimeout[39m(() 
[33m=>[39m inputRef[33m.
[39mcurrent[33m.[39m[34mf
ocus[39m()[33m,[39m 
[34m100[39m)[33m;[39m
    [90m   | [39m         
                            
         [31m^[39m
    [90m164| [39m        }
    [90m165| [39m    
}[33m,[39m 
[isOpen])[33m;[39m
[90m [2mΓ¥»[22m 
listOnTimeout node:internal/
timers:[2m588:17[22m[39m
[90m [2mΓ¥»[22m 
processTimers node:internal/
timers:[2m523:7[22m[39m

[31mThis error originated 
in "[1msrc/components/chat/
ChatWidget.test.jsx[22m" 
test file. It doesn't mean 
the error was thrown inside 
the file itself, but while 
it was running.[39m
[31mThe latest test that 
might've caused the error 
is "[1mcloses chat when 
close button is 
clicked[22m". It might 
mean one of the following:
- The error was thrown, 
while Vitest was running 
this test.
- If the error occurred 
after the test had been 
completed, this was the 
last documented test before 
it was thrown.[39m

[31mΓÄ»ΓÄ»ΓÄ»ΓÄ»ΓÄ»[39m[1
m[41m Uncaught Exception [
49m[22m[31mΓÄ»ΓÄ»ΓÄ»ΓÄ»ΓÄ»
[39m
[31m[1mTypeError[22m: 
Cannot read properties of 
null (reading 'focus')[39m
[36m [2mΓ¥»[22m 
Timeout._onTimeout src/compo
nents/chat/ChatWidget.jsx:[
2m163:47[22m[39m
    [90m161| [39m    
[34museEffect[39m(() 
[33m=>[39m {
    [90m162| [39m        
[35mif[39m (isOpen 
[33m&&[39m 
inputRef[33m.[39mcurrent) 
{
    [90m163| [39m         
   [34msetTimeout[39m(() 
[33m=>[39m inputRef[33m.
[39mcurrent[33m.[39m[34mf
ocus[39m()[33m,[39m 
[34m100[39m)[33m;[39m
    [90m   | [39m         
                            
         [31m^[39m
    [90m164| [39m        }
    [90m165| [39m    
}[33m,[39m 
[isOpen])[33m;[39m
[90m [2mΓ¥»[22m 
listOnTimeout node:internal/
timers:[2m588:17[22m[39m
[90m [2mΓ¥»[22m 
processTimers node:internal/
timers:[2m523:7[22m[39m

[31mThis error originated 
in "[1msrc/components/chat/
ChatWidget.test.jsx[22m" 
test file. It doesn't mean 
the error was thrown inside 
the file itself, but while 
it was running.[39m
[31mThe latest test that 
might've caused the error 
is "[1mcloses chat when 
close button is 
clicked[22m". It might 
mean one of the following:
- The error was thrown, 
while Vitest was running 
this test.
- If the error occurred 
after the test had been 
completed, this was the 
last documented test before 
it was thrown.[39m
[31mΓÄ»ΓÄ»ΓÄ»ΓÄ»ΓÄ»ΓÄ»ΓÄ»ΓÄ
»ΓÄ»ΓÄ»ΓÄ»ΓÄ»ΓÄ»ΓÄ»ΓÄ»ΓÄ»ΓÄ»
ΓÄ»ΓÄ»ΓÄ»ΓÄ»ΓÄ»ΓÄ»ΓÄ»ΓÄ»ΓÄ»Γ
Ä»ΓÄ»ΓÄ»ΓÄ»[39m

